Using pre-set license
Built from '6000.0/staging' branch; Version is '6000.0.27f1 (27c554a2199c) revision 2606420'; Using compiler version '193933523'; Build Type 'Release'
OS: 'Windows 11  (10.0.26100) 64bit Core' Language: 'it' Physical Memory: 16219 MB
BatchMode: 1, IsHumanControllingUs: 0, StartBugReporterOnCrash: 0, Is64bit: 1, IsPro: 1

COMMAND LINE ARGUMENTS:
C:\Program Files\Unity\Hub\Editor\6000.0.27f1\Editor\Unity.exe
-adb2
-batchMode
-noUpm
-name
AssetImportWorker3
-projectPath
D:/Progetti Unity/FoxAndCoins
-logFile
Logs/AssetImportWorker3.log
-srvPort
64990
-job-worker-count
5
-background-job-worker-count
8
-asset-garbage-collectors
1
Successfully changed project path to: D:/Progetti Unity/FoxAndCoins
D:/Progetti Unity/FoxAndCoins
[UnityMemory] Configuration Parameters - Can be set up in boot.config
    "memorysetup-bucket-allocator-granularity=16"
    "memorysetup-bucket-allocator-bucket-count=8"
    "memorysetup-bucket-allocator-block-size=33554432"
    "memorysetup-bucket-allocator-block-count=8"
    "memorysetup-main-allocator-block-size=16777216"
    "memorysetup-thread-allocator-block-size=16777216"
    "memorysetup-gfx-main-allocator-block-size=16777216"
    "memorysetup-gfx-thread-allocator-block-size=16777216"
    "memorysetup-cache-allocator-block-size=4194304"
    "memorysetup-typetree-allocator-block-size=2097152"
    "memorysetup-profiler-bucket-allocator-granularity=16"
    "memorysetup-profiler-bucket-allocator-bucket-count=8"
    "memorysetup-profiler-bucket-allocator-block-size=33554432"
    "memorysetup-profiler-bucket-allocator-block-count=8"
    "memorysetup-profiler-allocator-block-size=16777216"
    "memorysetup-profiler-editor-allocator-block-size=1048576"
    "memorysetup-temp-allocator-size-main=16777216"
    "memorysetup-job-temp-allocator-block-size=2097152"
    "memorysetup-job-temp-allocator-block-size-background=1048576"
    "memorysetup-job-temp-allocator-reduction-small-platforms=262144"
    "memorysetup-allocator-temp-initial-block-size-main=262144"
    "memorysetup-allocator-temp-initial-block-size-worker=262144"
    "memorysetup-temp-allocator-size-background-worker=32768"
    "memorysetup-temp-allocator-size-job-worker=262144"
    "memorysetup-temp-allocator-size-preload-manager=33554432"
    "memorysetup-temp-allocator-size-nav-mesh-worker=65536"
    "memorysetup-temp-allocator-size-audio-worker=65536"
    "memorysetup-temp-allocator-size-cloud-worker=32768"
    "memorysetup-temp-allocator-size-gi-baking-worker=262144"
    "memorysetup-temp-allocator-size-gi-baking-worker=262144"
    "memorysetup-temp-allocator-size-gi-baking-worker=262144"
    "memorysetup-temp-allocator-size-gi-baking-worker=262144"
    "memorysetup-temp-allocator-size-gi-baking-worker=262144"
    "memorysetup-temp-allocator-size-gfx=262144"
Player connection [9024]  Target information:

Player connection [9024]  * "[IP] 192.168.85.18 [Port] 0 [Flags] 2 [Guid] 6210429 [EditorId] 6210429 [Version] 1048832 [Id] WindowsEditor(7,Salvatore) [Debug] 1 [PackageName] WindowsEditor [ProjectName] Editor" 

Player connection [9024] Host joined multi-casting on [225.0.0.222:54997]...
Player connection [9024] Host joined alternative multi-casting on [225.0.0.222:34997]...
JobSystem: Creating JobQueue using job-worker-count value 5
[Physics::Module] Initialized fallback backend.
[Physics::Module] Id: 0xdecafbad
Library Redirect Path: Library/
[Physics::Module] Selected backend.
[Physics::Module] Name: PhysX
[Physics::Module] Id: 0xf2b8ea05
[Physics::Module] SDK Version: 4.1.2
[Physics::Module] Integration Version: 1.0.0
[Physics::Module] Threading Mode: Multi-Threaded
Refreshing native plugins compatible for Editor in 6.20 ms, found 1 plugins.
Preloading 0 native plugins for Editor in 0.00 ms.
Initialize engine version: 6000.0.27f1 (27c554a2199c)
[Subsystems] Discovering subsystems at path C:/Program Files/Unity/Hub/Editor/6000.0.27f1/Editor/Data/Resources/UnitySubsystems
[Subsystems] Discovering subsystems at path D:/Progetti Unity/FoxAndCoins/Assets
GfxDevice: creating device client; kGfxThreadingModeNonThreaded
Direct3D:
    Version:  Direct3D 11.0 [level 11.1]
    Renderer: NVIDIA GeForce GTX 1650 Ti (ID=0x1f95)
    Vendor:   NVIDIA
    VRAM:     3935 MB
    Driver:   32.0.15.5597
Initialize mono
Mono path[0] = 'C:/Program Files/Unity/Hub/Editor/6000.0.27f1/Editor/Data/Managed'
Mono path[1] = 'C:/Program Files/Unity/Hub/Editor/6000.0.27f1/Editor/Data/MonoBleedingEdge/lib/mono/unityjit-win32'
Mono config path = 'C:/Program Files/Unity/Hub/Editor/6000.0.27f1/Editor/Data/MonoBleedingEdge/etc'
Using monoOptions --debugger-agent=transport=dt_socket,embedding=1,server=y,suspend=n,address=127.0.0.1:56496
Begin MonoManager ReloadAssembly
Registering precompiled unity dll's ...
Register platform support module: C:/Program Files/Unity/Hub/Editor/6000.0.27f1/Editor/Data/PlaybackEngines/WebGLSupport/UnityEditor.WebGL.Extensions.dll
Register platform support module: C:/Program Files/Unity/Hub/Editor/6000.0.27f1/Editor/Data/PlaybackEngines/WindowsStandaloneSupport/UnityEditor.WindowsStandalone.Extensions.dll
Register platform support module: C:/Program Files/Unity/Hub/Editor/6000.0.27f1/Editor/Data/PlaybackEngines/AndroidPlayer/UnityEditor.Android.Extensions.dll
Register platform support module: C:/Program Files/Unity/Hub/Editor/6000.0.27f1/Editor/Data/PlaybackEngines/iOSSupport/UnityEditor.iOS.Extensions.dll
Registered in 0.006430 seconds.
- Loaded All Assemblies, in  0.456 seconds
[usbmuxd] Start listen thread
[usbmuxd] Listen thread started
Native extension for iOS target not found
Native extension for Android target not found
Android Extension - Scanning For ADB Devices 209 ms
Native extension for WindowsStandalone target not found
Native extension for WebGL target not found
Mono: successfully reloaded assembly
- Finished resetting the current domain, in  0.611 seconds
Domain Reload Profiling: 1064ms
	BeginReloadAssembly (145ms)
		ExecutionOrderSort (0ms)
		DisableScriptedObjects (0ms)
		BackupInstance (0ms)
		ReleaseScriptingObjects (0ms)
		CreateAndSetChildDomain (1ms)
	RebuildCommonClasses (44ms)
	RebuildNativeTypeToScriptingClass (14ms)
	initialDomainReloadingComplete (56ms)
	LoadAllAssembliesAndSetupDomain (193ms)
		LoadAssemblies (142ms)
		RebuildTransferFunctionScriptingTraits (0ms)
		AnalyzeDomain (189ms)
			TypeCache.Refresh (187ms)
				TypeCache.ScanAssembly (172ms)
			BuildScriptInfoCaches (0ms)
			ResolveRequiredComponents (0ms)
	FinalizeReload (612ms)
		ReleaseScriptCaches (0ms)
		RebuildScriptCaches (0ms)
		SetupLoadedEditorAssemblies (566ms)
			LogAssemblyErrors (0ms)
			InitializePlatformSupportModulesInManaged (327ms)
			SetLoadedEditorAssemblies (4ms)
			BeforeProcessingInitializeOnLoad (5ms)
			ProcessInitializeOnLoadAttributes (152ms)
			ProcessInitializeOnLoadMethodAttributes (74ms)
			AfterProcessingInitializeOnLoad (4ms)
			EditorAssembliesLoaded (0ms)
		ExecutionOrderSort2 (0ms)
		AwakeInstancesAfterBackupRestoration (0ms)
========================================================================
Worker process is ready to serve import requests
Import Worker Mode flag is 0x00
Begin MonoManager ReloadAssembly
- Loaded All Assemblies, in  0.846 seconds
Refreshing native plugins compatible for Editor in 6.65 ms, found 1 plugins.
Native extension for iOS target not found
Native extension for Android target not found
Native extension for WindowsStandalone target not found
Native extension for WebGL target not found
Mono: successfully reloaded assembly
- Finished resetting the current domain, in  0.571 seconds
Domain Reload Profiling: 1413ms
	BeginReloadAssembly (402ms)
		ExecutionOrderSort (0ms)
		DisableScriptedObjects (7ms)
		BackupInstance (0ms)
		ReleaseScriptingObjects (0ms)
		CreateAndSetChildDomain (29ms)
	RebuildCommonClasses (44ms)
	RebuildNativeTypeToScriptingClass (15ms)
	initialDomainReloadingComplete (49ms)
	LoadAllAssembliesAndSetupDomain (331ms)
		LoadAssemblies (319ms)
		RebuildTransferFunctionScriptingTraits (0ms)
		AnalyzeDomain (114ms)
			TypeCache.Refresh (85ms)
				TypeCache.ScanAssembly (71ms)
			BuildScriptInfoCaches (22ms)
			ResolveRequiredComponents (4ms)
	FinalizeReload (571ms)
		ReleaseScriptCaches (0ms)
		RebuildScriptCaches (0ms)
		SetupLoadedEditorAssemblies (344ms)
			LogAssemblyErrors (0ms)
			InitializePlatformSupportModulesInManaged (17ms)
			SetLoadedEditorAssemblies (3ms)
			BeforeProcessingInitializeOnLoad (35ms)
			ProcessInitializeOnLoadAttributes (233ms)
			ProcessInitializeOnLoadMethodAttributes (48ms)
			AfterProcessingInitializeOnLoad (8ms)
			EditorAssembliesLoaded (0ms)
		ExecutionOrderSort2 (0ms)
		AwakeInstancesAfterBackupRestoration (6ms)
Launched and connected shader compiler UnityShaderCompiler.exe after 0.01 seconds
Refreshing native plugins compatible for Editor in 6.00 ms, found 1 plugins.
Preloading 0 native plugins for Editor in 0.00 ms.
Unloading 14 Unused Serialized files (Serialized files now loaded: 0)
Unloading 2172 unused Assets / (1.0 MB). Loaded Objects now: 2718.
Memory consumption went from 106.9 MB to 105.9 MB.
Total: 5.243200 ms (FindLiveObjects: 0.261200 ms CreateObjectMapping: 0.164500 ms MarkObjects: 4.059400 ms  DeleteObjects: 0.756000 ms)

========================================================================
Received Import Request.
  Time since last request: 241464.583233 seconds.
  path: Assets/RESKIN/LEVELS/LEVEL 5 CASTLE INTERIOR/L5 CASTLE INTERIOR/Megacastlepack--1v508h952z1s0a7x34/tiles/dark_grey/fill_03_grey.png
  artifactKey: Guid(449678dfecfd9fb4a8c7cbe447505b67) Importer(815301076,1909f56bfc062723c751e8b465ee728b)
Start importing Assets/RESKIN/LEVELS/LEVEL 5 CASTLE INTERIOR/L5 CASTLE INTERIOR/Megacastlepack--1v508h952z1s0a7x34/tiles/dark_grey/fill_03_grey.png using Guid(449678dfecfd9fb4a8c7cbe447505b67) Importer(815301076,1909f56bfc062723c751e8b465ee728b) (PreviewImporter) -> (artifact id: '7206106610f1e7cf7ead10f75956f5f7') in 0.1070694 seconds
Number of updated asset objects reloaded before import = 0Number of asset objects unloaded after import = 3

========================================================================
Received Import Request.
  Time since last request: 5.551559 seconds.
  path: Assets/RESKIN/LEVELS/LEVEL 5 CASTLE INTERIOR/L5 CASTLE INTERIOR/Megacastlepack--1v508h952z1s0a7x34/tiles/dark_grey/fill_03_grey.png
  artifactKey: Guid(449678dfecfd9fb4a8c7cbe447505b67) Importer(815301076,1909f56bfc062723c751e8b465ee728b)
Start importing Assets/RESKIN/LEVELS/LEVEL 5 CASTLE INTERIOR/L5 CASTLE INTERIOR/Megacastlepack--1v508h952z1s0a7x34/tiles/dark_grey/fill_03_grey.png using Guid(449678dfecfd9fb4a8c7cbe447505b67) Importer(815301076,1909f56bfc062723c751e8b465ee728b) (PreviewImporter) -> (artifact id: '07aeeb02f4f0f23577f400be3e0f99c2') in 0.0118533 seconds
Number of updated asset objects reloaded before import = 0Number of asset objects unloaded after import = 3

========================================================================
Received Import Request.
  Time since last request: 0.000022 seconds.
  path: Assets/RESKIN/LEVELS/LEVEL 5 CASTLE INTERIOR/L5 CASTLE INTERIOR/Megacastlepack--1v508h952z1s0a7x34/tiles/dark_grey/inner_bottom_left_grey.png
  artifactKey: Guid(7fbe51959ab20aa48af2e27314018b4c) Importer(815301076,1909f56bfc062723c751e8b465ee728b)
Start importing Assets/RESKIN/LEVELS/LEVEL 5 CASTLE INTERIOR/L5 CASTLE INTERIOR/Megacastlepack--1v508h952z1s0a7x34/tiles/dark_grey/inner_bottom_left_grey.png using Guid(7fbe51959ab20aa48af2e27314018b4c) Importer(815301076,1909f56bfc062723c751e8b465ee728b) (PreviewImporter) -> (artifact id: 'dc64d4c7a1a81968fe95ea5277b0f477') in 0.0252179 seconds
Number of updated asset objects reloaded before import = 0Number of asset objects unloaded after import = 3

========================================================================
Received Import Request.
  Time since last request: 0.000022 seconds.
  path: Assets/RESKIN/LEVELS/LEVEL 5 CASTLE INTERIOR/L5 CASTLE INTERIOR/Megacastlepack--1v508h952z1s0a7x34/tiles/dark_grey/fill_06_grey.png
  artifactKey: Guid(c6c444e7197cce342ada800e5220b6f1) Importer(815301076,1909f56bfc062723c751e8b465ee728b)
Start importing Assets/RESKIN/LEVELS/LEVEL 5 CASTLE INTERIOR/L5 CASTLE INTERIOR/Megacastlepack--1v508h952z1s0a7x34/tiles/dark_grey/fill_06_grey.png using Guid(c6c444e7197cce342ada800e5220b6f1) Importer(815301076,1909f56bfc062723c751e8b465ee728b) (PreviewImporter) -> (artifact id: '54a17f831f814dfd539547a4bedded0d') in 0.0116335 seconds
Number of updated asset objects reloaded before import = 0Number of asset objects unloaded after import = 3

========================================================================
Received Import Request.
  Time since last request: 0.000042 seconds.
  path: Assets/RESKIN/LEVELS/LEVEL 5 CASTLE INTERIOR/L5 CASTLE INTERIOR/Megacastlepack--1v508h952z1s0a7x34/tiles/dark_grey/fill_04_grey.png
  artifactKey: Guid(6487deec09e4dc24db3104dd689d7a90) Importer(815301076,1909f56bfc062723c751e8b465ee728b)
Start importing Assets/RESKIN/LEVELS/LEVEL 5 CASTLE INTERIOR/L5 CASTLE INTERIOR/Megacastlepack--1v508h952z1s0a7x34/tiles/dark_grey/fill_04_grey.png using Guid(6487deec09e4dc24db3104dd689d7a90) Importer(815301076,1909f56bfc062723c751e8b465ee728b) (PreviewImporter) -> (artifact id: 'ad6b04c35fd0d79fe8774c9044f6f9eb') in 0.0137251 seconds
Number of updated asset objects reloaded before import = 0Number of asset objects unloaded after import = 3

========================================================================
Received Import Request.
  Time since last request: 8.232125 seconds.
  path: Assets/RESKIN/LEVELS/LEVEL 5 CASTLE INTERIOR/L5 CASTLE INTERIOR/Megacastlepack--1v508h952z1s0a7x34/tiles/dark_grey/fill_03_grey.png
  artifactKey: Guid(449678dfecfd9fb4a8c7cbe447505b67) Importer(815301076,1909f56bfc062723c751e8b465ee728b)
Start importing Assets/RESKIN/LEVELS/LEVEL 5 CASTLE INTERIOR/L5 CASTLE INTERIOR/Megacastlepack--1v508h952z1s0a7x34/tiles/dark_grey/fill_03_grey.png using Guid(449678dfecfd9fb4a8c7cbe447505b67) Importer(815301076,1909f56bfc062723c751e8b465ee728b) (PreviewImporter) -> (artifact id: 'b4af260c5d03d9c0ebec20c65909dfba') in 0.0106518 seconds
Number of updated asset objects reloaded before import = 0Number of asset objects unloaded after import = 3

========================================================================
Received Import Request.
  Time since last request: 0.000019 seconds.
  path: Assets/RESKIN/LEVELS/LEVEL 5 CASTLE INTERIOR/L5 CASTLE INTERIOR/Megacastlepack--1v508h952z1s0a7x34/tiles/dark_grey/inner_top_right_grey.png
  artifactKey: Guid(cb849b94a82eb4c4e821378b3ab29d9c) Importer(815301076,1909f56bfc062723c751e8b465ee728b)
Start importing Assets/RESKIN/LEVELS/LEVEL 5 CASTLE INTERIOR/L5 CASTLE INTERIOR/Megacastlepack--1v508h952z1s0a7x34/tiles/dark_grey/inner_top_right_grey.png using Guid(cb849b94a82eb4c4e821378b3ab29d9c) Importer(815301076,1909f56bfc062723c751e8b465ee728b) (PreviewImporter) -> (artifact id: 'fcaed1a30e531ccbe255dab80434c1e4') in 0.0223217 seconds
Number of updated asset objects reloaded before import = 0Number of asset objects unloaded after import = 3

========================================================================
Received Import Request.
  Time since last request: 0.000154 seconds.
  path: Assets/RESKIN/LEVELS/LEVEL 5 CASTLE INTERIOR/L5 CASTLE INTERIOR/Megacastlepack--1v508h952z1s0a7x34/tiles/dark_grey/fill_06_grey.png
  artifactKey: Guid(c6c444e7197cce342ada800e5220b6f1) Importer(815301076,1909f56bfc062723c751e8b465ee728b)
Start importing Assets/RESKIN/LEVELS/LEVEL 5 CASTLE INTERIOR/L5 CASTLE INTERIOR/Megacastlepack--1v508h952z1s0a7x34/tiles/dark_grey/fill_06_grey.png using Guid(c6c444e7197cce342ada800e5220b6f1) Importer(815301076,1909f56bfc062723c751e8b465ee728b) (PreviewImporter) -> (artifact id: 'f8d29cce453cf9448970d77e1af43a95') in 0.0113842 seconds
Number of updated asset objects reloaded before import = 0Number of asset objects unloaded after import = 3

========================================================================
Received Import Request.
  Time since last request: 0.000061 seconds.
  path: Assets/RESKIN/LEVELS/LEVEL 5 CASTLE INTERIOR/L5 CASTLE INTERIOR/Megacastlepack--1v508h952z1s0a7x34/tiles/dark_grey/fill_04_grey.png
  artifactKey: Guid(6487deec09e4dc24db3104dd689d7a90) Importer(815301076,1909f56bfc062723c751e8b465ee728b)
Start importing Assets/RESKIN/LEVELS/LEVEL 5 CASTLE INTERIOR/L5 CASTLE INTERIOR/Megacastlepack--1v508h952z1s0a7x34/tiles/dark_grey/fill_04_grey.png using Guid(6487deec09e4dc24db3104dd689d7a90) Importer(815301076,1909f56bfc062723c751e8b465ee728b) (PreviewImporter) -> (artifact id: '57f9f2b557f55f2bde53ba97460b9e50') in 0.013195 seconds
Number of updated asset objects reloaded before import = 0Number of asset objects unloaded after import = 3

========================================================================
Received Import Request.
  Time since last request: 9.051302 seconds.
  path: Assets/RESKIN/LEVELS/LEVEL 5 CASTLE INTERIOR/L5 CASTLE INTERIOR/Megacastlepack--1v508h952z1s0a7x34/tiles/tile set dark grey/fill_02_grey.asset
  artifactKey: Guid(c939d56796f941f4d9cd2d3ead0a0b26) Importer(815301076,1909f56bfc062723c751e8b465ee728b)
Start importing Assets/RESKIN/LEVELS/LEVEL 5 CASTLE INTERIOR/L5 CASTLE INTERIOR/Megacastlepack--1v508h952z1s0a7x34/tiles/tile set dark grey/fill_02_grey.asset using Guid(c939d56796f941f4d9cd2d3ead0a0b26) Importer(815301076,1909f56bfc062723c751e8b465ee728b) (PreviewImporter) -> (artifact id: '133ffc171c2139de1a1533b3b1d0c65c') in 0.0179493 seconds
Number of updated asset objects reloaded before import = 0Number of asset objects unloaded after import = 3

========================================================================
Received Import Request.
  Time since last request: 0.000574 seconds.
  path: Assets/RESKIN/LEVELS/LEVEL 5 CASTLE INTERIOR/L5 CASTLE INTERIOR/Megacastlepack--1v508h952z1s0a7x34/tiles/tile set dark grey/fill_03_grey.asset
  artifactKey: Guid(3c7bcb0e802db3e409c6ddd299c1c649) Importer(815301076,1909f56bfc062723c751e8b465ee728b)
Start importing Assets/RESKIN/LEVELS/LEVEL 5 CASTLE INTERIOR/L5 CASTLE INTERIOR/Megacastlepack--1v508h952z1s0a7x34/tiles/tile set dark grey/fill_03_grey.asset using Guid(3c7bcb0e802db3e409c6ddd299c1c649) Importer(815301076,1909f56bfc062723c751e8b465ee728b) (PreviewImporter) -> (artifact id: 'bc1aa40808249ccd3797cb4bef737e93') in 0.0073774 seconds
Number of updated asset objects reloaded before import = 0Number of asset objects unloaded after import = 3

========================================================================
Received Import Request.
  Time since last request: 0.000020 seconds.
  path: Assets/RESKIN/LEVELS/LEVEL 5 CASTLE INTERIOR/L5 CASTLE INTERIOR/Megacastlepack--1v508h952z1s0a7x34/tiles/tile set dark grey/inner_bottom_left_grey.asset
  artifactKey: Guid(83ca45ee69bcae74a94334dc5fd3ef0d) Importer(815301076,1909f56bfc062723c751e8b465ee728b)
Start importing Assets/RESKIN/LEVELS/LEVEL 5 CASTLE INTERIOR/L5 CASTLE INTERIOR/Megacastlepack--1v508h952z1s0a7x34/tiles/tile set dark grey/inner_bottom_left_grey.asset using Guid(83ca45ee69bcae74a94334dc5fd3ef0d) Importer(815301076,1909f56bfc062723c751e8b465ee728b) (PreviewImporter) -> (artifact id: '67ad1ed4886b5bf4c7b84619cf252ac4') in 0.0152201 seconds
Number of updated asset objects reloaded before import = 0Number of asset objects unloaded after import = 3

========================================================================
Received Import Request.
  Time since last request: 0.000039 seconds.
  path: Assets/RESKIN/LEVELS/LEVEL 5 CASTLE INTERIOR/L5 CASTLE INTERIOR/Megacastlepack--1v508h952z1s0a7x34/tiles/tile set dark grey/inner_bottom_right_pass_trough_grey.asset
  artifactKey: Guid(51dd15a89c21ed848a231931a533e8e0) Importer(815301076,1909f56bfc062723c751e8b465ee728b)
Start importing Assets/RESKIN/LEVELS/LEVEL 5 CASTLE INTERIOR/L5 CASTLE INTERIOR/Megacastlepack--1v508h952z1s0a7x34/tiles/tile set dark grey/inner_bottom_right_pass_trough_grey.asset using Guid(51dd15a89c21ed848a231931a533e8e0) Importer(815301076,1909f56bfc062723c751e8b465ee728b) (PreviewImporter) -> (artifact id: 'c0f4e0c9b5c4e39b637a2973862c80e5') in 0.0193512 seconds
Number of updated asset objects reloaded before import = 0Number of asset objects unloaded after import = 3

========================================================================
Received Import Request.
  Time since last request: 2.394639 seconds.
  path: Assets/RESKIN/LEVELS/LEVEL 5 CASTLE INTERIOR/L5 CASTLE INTERIOR/Megacastlepack--1v508h952z1s0a7x34/tiles/tile set dark grey/outer_bottom_left_grey.asset
  artifactKey: Guid(a11b8d538c61a2242a0ec1d2e51836b9) Importer(815301076,1909f56bfc062723c751e8b465ee728b)
Start importing Assets/RESKIN/LEVELS/LEVEL 5 CASTLE INTERIOR/L5 CASTLE INTERIOR/Megacastlepack--1v508h952z1s0a7x34/tiles/tile set dark grey/outer_bottom_left_grey.asset using Guid(a11b8d538c61a2242a0ec1d2e51836b9) Importer(815301076,1909f56bfc062723c751e8b465ee728b) (PreviewImporter) -> (artifact id: '3ab2beb37e408d227b43f2c9e2de917c') in 0.0155743 seconds
Number of updated asset objects reloaded before import = 0Number of asset objects unloaded after import = 3

========================================================================
Received Import Request.
  Time since last request: 0.021337 seconds.
  path: Assets/RESKIN/LEVELS/LEVEL 5 CASTLE INTERIOR/L5 CASTLE INTERIOR/Megacastlepack--1v508h952z1s0a7x34/tiles/tile set dark grey/outer_top_left_grey.asset
  artifactKey: Guid(3189e1b81d697304b829e0e12b7e35a0) Importer(815301076,1909f56bfc062723c751e8b465ee728b)
Start importing Assets/RESKIN/LEVELS/LEVEL 5 CASTLE INTERIOR/L5 CASTLE INTERIOR/Megacastlepack--1v508h952z1s0a7x34/tiles/tile set dark grey/outer_top_left_grey.asset using Guid(3189e1b81d697304b829e0e12b7e35a0) Importer(815301076,1909f56bfc062723c751e8b465ee728b) (PreviewImporter) -> (artifact id: '5a543164173fdfd3ff1f2e1c2ce37ef3') in 0.0151733 seconds
Number of updated asset objects reloaded before import = 0Number of asset objects unloaded after import = 3

========================================================================
Received Import Request.
  Time since last request: 0.282293 seconds.
  path: Assets/RESKIN/LEVELS/LEVEL 5 CASTLE INTERIOR/L5 CASTLE INTERIOR/Megacastlepack--1v508h952z1s0a7x34/tiles/tile set dark grey/platform_right_grey.asset
  artifactKey: Guid(e0d5d206258137d469de2d54acce9453) Importer(815301076,1909f56bfc062723c751e8b465ee728b)
Start importing Assets/RESKIN/LEVELS/LEVEL 5 CASTLE INTERIOR/L5 CASTLE INTERIOR/Megacastlepack--1v508h952z1s0a7x34/tiles/tile set dark grey/platform_right_grey.asset using Guid(e0d5d206258137d469de2d54acce9453) Importer(815301076,1909f56bfc062723c751e8b465ee728b) (PreviewImporter) -> (artifact id: 'a9ba455eea6e165d5594cb1064d68b36') in 0.0192381 seconds
Number of updated asset objects reloaded before import = 0Number of asset objects unloaded after import = 3

========================================================================
Received Import Request.
  Time since last request: 0.010754 seconds.
  path: Assets/RESKIN/LEVELS/LEVEL 5 CASTLE INTERIOR/L5 CASTLE INTERIOR/Megacastlepack--1v508h952z1s0a7x34/tiles/tile set dark grey/shallow_hill_left_02_grey.asset
  artifactKey: Guid(15cb019a58d83504b97ed1778b9cad2b) Importer(815301076,1909f56bfc062723c751e8b465ee728b)
Start importing Assets/RESKIN/LEVELS/LEVEL 5 CASTLE INTERIOR/L5 CASTLE INTERIOR/Megacastlepack--1v508h952z1s0a7x34/tiles/tile set dark grey/shallow_hill_left_02_grey.asset using Guid(15cb019a58d83504b97ed1778b9cad2b) Importer(815301076,1909f56bfc062723c751e8b465ee728b) (PreviewImporter) -> (artifact id: '0288e3337128b6b79ac9d94c4c8f14af') in 0.0190123 seconds
Number of updated asset objects reloaded before import = 0Number of asset objects unloaded after import = 3

========================================================================
Received Import Request.
  Time since last request: 1.068602 seconds.
  path: Assets/RESKIN/LEVELS/LEVEL 5 CASTLE INTERIOR/L5 CASTLE INTERIOR/Megacastlepack--1v508h952z1s0a7x34/tiles/tile set dark grey/shallow_hill_right_02_grey.asset
  artifactKey: Guid(00239bcdab3c11f4494cc9b2a8ebf57a) Importer(815301076,1909f56bfc062723c751e8b465ee728b)
Start importing Assets/RESKIN/LEVELS/LEVEL 5 CASTLE INTERIOR/L5 CASTLE INTERIOR/Megacastlepack--1v508h952z1s0a7x34/tiles/tile set dark grey/shallow_hill_right_02_grey.asset using Guid(00239bcdab3c11f4494cc9b2a8ebf57a) Importer(815301076,1909f56bfc062723c751e8b465ee728b) (PreviewImporter) -> (artifact id: '5378241c364c69bef39119100b3d2a3b') in 0.0162577 seconds
Number of updated asset objects reloaded before import = 0Number of asset objects unloaded after import = 3

========================================================================
Received Import Request.
  Time since last request: 0.047072 seconds.
  path: Assets/RESKIN/LEVELS/LEVEL 5 CASTLE INTERIOR/L5 CASTLE INTERIOR/Megacastlepack--1v508h952z1s0a7x34/tiles/tile set dark grey/single_pillar_base_pass_through_grey.asset
  artifactKey: Guid(4058c2dbeac453545af1124882b24537) Importer(815301076,1909f56bfc062723c751e8b465ee728b)
Start importing Assets/RESKIN/LEVELS/LEVEL 5 CASTLE INTERIOR/L5 CASTLE INTERIOR/Megacastlepack--1v508h952z1s0a7x34/tiles/tile set dark grey/single_pillar_base_pass_through_grey.asset using Guid(4058c2dbeac453545af1124882b24537) Importer(815301076,1909f56bfc062723c751e8b465ee728b) (PreviewImporter) -> (artifact id: 'c00e5468c0643f36970729c4f3bded95') in 0.0167225 seconds
Number of updated asset objects reloaded before import = 0Number of asset objects unloaded after import = 3

========================================================================
Received Import Request.
  Time since last request: 0.020087 seconds.
  path: Assets/RESKIN/LEVELS/LEVEL 5 CASTLE INTERIOR/L5 CASTLE INTERIOR/Megacastlepack--1v508h952z1s0a7x34/tiles/tile set dark grey/single_pillar_end_grey.asset
  artifactKey: Guid(9e5933fc8db25fb408b6450d0e53d03c) Importer(815301076,1909f56bfc062723c751e8b465ee728b)
Start importing Assets/RESKIN/LEVELS/LEVEL 5 CASTLE INTERIOR/L5 CASTLE INTERIOR/Megacastlepack--1v508h952z1s0a7x34/tiles/tile set dark grey/single_pillar_end_grey.asset using Guid(9e5933fc8db25fb408b6450d0e53d03c) Importer(815301076,1909f56bfc062723c751e8b465ee728b) (PreviewImporter) -> (artifact id: '081b52469c661bff03d309a080d4eb22') in 0.0137648 seconds
Number of updated asset objects reloaded before import = 0Number of asset objects unloaded after import = 3

========================================================================
Received Import Request.
  Time since last request: 0.012317 seconds.
  path: Assets/RESKIN/LEVELS/LEVEL 5 CASTLE INTERIOR/L5 CASTLE INTERIOR/Megacastlepack--1v508h952z1s0a7x34/tiles/tile set dark grey/steep_hill_left_02_grey.asset
  artifactKey: Guid(c3d4e29eec94883488f0340cb2a994c5) Importer(815301076,1909f56bfc062723c751e8b465ee728b)
Start importing Assets/RESKIN/LEVELS/LEVEL 5 CASTLE INTERIOR/L5 CASTLE INTERIOR/Megacastlepack--1v508h952z1s0a7x34/tiles/tile set dark grey/steep_hill_left_02_grey.asset using Guid(c3d4e29eec94883488f0340cb2a994c5) Importer(815301076,1909f56bfc062723c751e8b465ee728b) (PreviewImporter) -> (artifact id: 'efbd6618a51ba904463187bc7bff2c57') in 0.0175379 seconds
Number of updated asset objects reloaded before import = 0Number of asset objects unloaded after import = 3

========================================================================
Received Import Request.
  Time since last request: 0.009655 seconds.
  path: Assets/RESKIN/LEVELS/LEVEL 5 CASTLE INTERIOR/L5 CASTLE INTERIOR/Megacastlepack--1v508h952z1s0a7x34/tiles/tile set dark grey/top_01_grey.asset
  artifactKey: Guid(bbde55c96c91ba948a84f6d586c36d67) Importer(815301076,1909f56bfc062723c751e8b465ee728b)
Start importing Assets/RESKIN/LEVELS/LEVEL 5 CASTLE INTERIOR/L5 CASTLE INTERIOR/Megacastlepack--1v508h952z1s0a7x34/tiles/tile set dark grey/top_01_grey.asset using Guid(bbde55c96c91ba948a84f6d586c36d67) Importer(815301076,1909f56bfc062723c751e8b465ee728b) (PreviewImporter) -> (artifact id: '7544ec2ca0799fcd39a9897ab986f601') in 0.018173 seconds
Number of updated asset objects reloaded before import = 0Number of asset objects unloaded after import = 3

========================================================================
Received Import Request.
  Time since last request: 0.012352 seconds.
  path: Assets/RESKIN/LEVELS/LEVEL 5 CASTLE INTERIOR/L5 CASTLE INTERIOR/Megacastlepack--1v508h952z1s0a7x34/tiles/tile set dark grey/top_pass_trough_grey.asset
  artifactKey: Guid(dbaa72e9bc80a244baa3cdc2f14d760e) Importer(815301076,1909f56bfc062723c751e8b465ee728b)
Start importing Assets/RESKIN/LEVELS/LEVEL 5 CASTLE INTERIOR/L5 CASTLE INTERIOR/Megacastlepack--1v508h952z1s0a7x34/tiles/tile set dark grey/top_pass_trough_grey.asset using Guid(dbaa72e9bc80a244baa3cdc2f14d760e) Importer(815301076,1909f56bfc062723c751e8b465ee728b) (PreviewImporter) -> (artifact id: '1a4f72755955a14f89ddf7cf698b4503') in 0.0152406 seconds
Number of updated asset objects reloaded before import = 0Number of asset objects unloaded after import = 3

========================================================================
Received Import Request.
  Time since last request: 121.687837 seconds.
  path: Assets/RESKIN/LEVELS/LEVEL 5 CASTLE INTERIOR/L5 CASTLE INTERIOR/Megacastlepack--1v508h952z1s0a7x34/props/armour_02.png
  artifactKey: Guid(cb9172b0e37a6ac4d8cbfa360b99b64e) Importer(815301076,1909f56bfc062723c751e8b465ee728b)
Start importing Assets/RESKIN/LEVELS/LEVEL 5 CASTLE INTERIOR/L5 CASTLE INTERIOR/Megacastlepack--1v508h952z1s0a7x34/props/armour_02.png using Guid(cb9172b0e37a6ac4d8cbfa360b99b64e) Importer(815301076,1909f56bfc062723c751e8b465ee728b) (PreviewImporter) -> (artifact id: '7dd8fe40d9ac9f24c3e932f0dec624e7') in 0.0476905 seconds
Number of updated asset objects reloaded before import = 0Number of asset objects unloaded after import = 3

========================================================================
Received Import Request.
  Time since last request: 0.230821 seconds.
  path: Assets/RESKIN/LEVELS/LEVEL 5 CASTLE INTERIOR/L5 CASTLE INTERIOR/Megacastlepack--1v508h952z1s0a7x34/props/armour_with_cape_01.png
  artifactKey: Guid(9c8b988843039a74586284b89b9d5484) Importer(815301076,1909f56bfc062723c751e8b465ee728b)
Start importing Assets/RESKIN/LEVELS/LEVEL 5 CASTLE INTERIOR/L5 CASTLE INTERIOR/Megacastlepack--1v508h952z1s0a7x34/props/armour_with_cape_01.png using Guid(9c8b988843039a74586284b89b9d5484) Importer(815301076,1909f56bfc062723c751e8b465ee728b) (PreviewImporter) -> (artifact id: '259cd69c8657e6ed7df1792be9fb3e0f') in 0.0539557 seconds
Number of updated asset objects reloaded before import = 0Number of asset objects unloaded after import = 3

========================================================================
Received Import Request.
  Time since last request: 0.959433 seconds.
  path: Assets/RESKIN/LEVELS/LEVEL 5 CASTLE INTERIOR/L5 CASTLE INTERIOR/Megacastlepack--1v508h952z1s0a7x34/props/boar_head_dark.png
  artifactKey: Guid(1256c2874c782c04ca3bbad1a69f0bf1) Importer(815301076,1909f56bfc062723c751e8b465ee728b)
Start importing Assets/RESKIN/LEVELS/LEVEL 5 CASTLE INTERIOR/L5 CASTLE INTERIOR/Megacastlepack--1v508h952z1s0a7x34/props/boar_head_dark.png using Guid(1256c2874c782c04ca3bbad1a69f0bf1) Importer(815301076,1909f56bfc062723c751e8b465ee728b) (PreviewImporter) -> (artifact id: '89f396d7732cf0971e629fd12955c949') in 0.0185877 seconds
Number of updated asset objects reloaded before import = 0Number of asset objects unloaded after import = 3

========================================================================
Received Import Request.
  Time since last request: 0.626228 seconds.
  path: Assets/RESKIN/LEVELS/LEVEL 5 CASTLE INTERIOR/L5 CASTLE INTERIOR/Megacastlepack--1v508h952z1s0a7x34/props/book_side_red.png
  artifactKey: Guid(b0c8c3adecaf18d439eb3d64325f003d) Importer(815301076,1909f56bfc062723c751e8b465ee728b)
Start importing Assets/RESKIN/LEVELS/LEVEL 5 CASTLE INTERIOR/L5 CASTLE INTERIOR/Megacastlepack--1v508h952z1s0a7x34/props/book_side_red.png using Guid(b0c8c3adecaf18d439eb3d64325f003d) Importer(815301076,1909f56bfc062723c751e8b465ee728b) (PreviewImporter) -> (artifact id: 'd2dd9222d5eba35bcf1f64d2d54ac768') in 0.0138325 seconds
Number of updated asset objects reloaded before import = 0Number of asset objects unloaded after import = 3

========================================================================
Received Import Request.
  Time since last request: 0.861978 seconds.
  path: Assets/RESKIN/LEVELS/LEVEL 5 CASTLE INTERIOR/L5 CASTLE INTERIOR/Megacastlepack--1v508h952z1s0a7x34/props/deer_head.png
  artifactKey: Guid(b3cf47d18e371f54bbf5ca8c8c615bf0) Importer(815301076,1909f56bfc062723c751e8b465ee728b)
Start importing Assets/RESKIN/LEVELS/LEVEL 5 CASTLE INTERIOR/L5 CASTLE INTERIOR/Megacastlepack--1v508h952z1s0a7x34/props/deer_head.png using Guid(b3cf47d18e371f54bbf5ca8c8c615bf0) Importer(815301076,1909f56bfc062723c751e8b465ee728b) (PreviewImporter) -> (artifact id: '9170d41c06ce90e1b00dee1af996a444') in 0.0220618 seconds
Number of updated asset objects reloaded before import = 0Number of asset objects unloaded after import = 3

========================================================================
Received Import Request.
  Time since last request: 0.393861 seconds.
  path: Assets/RESKIN/LEVELS/LEVEL 5 CASTLE INTERIOR/L5 CASTLE INTERIOR/Megacastlepack--1v508h952z1s0a7x34/props/hanging_flag.png
  artifactKey: Guid(71aa705ebe63b5e439227abfa84b4c6f) Importer(815301076,1909f56bfc062723c751e8b465ee728b)
Start importing Assets/RESKIN/LEVELS/LEVEL 5 CASTLE INTERIOR/L5 CASTLE INTERIOR/Megacastlepack--1v508h952z1s0a7x34/props/hanging_flag.png using Guid(71aa705ebe63b5e439227abfa84b4c6f) Importer(815301076,1909f56bfc062723c751e8b465ee728b) (PreviewImporter) -> (artifact id: '9d602bb444c275a79171180cb0801e1c') in 0.0189341 seconds
Number of updated asset objects reloaded before import = 0Number of asset objects unloaded after import = 3

========================================================================
Received Import Request.
  Time since last request: 88.757027 seconds.
  path: Assets/RESKIN/LEVELS/LEVEL 5 CASTLE INTERIOR/L5 CASTLE INTERIOR/Megacastlepack--1v508h952z1s0a7x34/tiles/light_grey/inner_bottom_right_grey_light_grey.png
  artifactKey: Guid(3d08f88e69bfbaa419c95783f6fca9b5) Importer(815301076,1909f56bfc062723c751e8b465ee728b)
Start importing Assets/RESKIN/LEVELS/LEVEL 5 CASTLE INTERIOR/L5 CASTLE INTERIOR/Megacastlepack--1v508h952z1s0a7x34/tiles/light_grey/inner_bottom_right_grey_light_grey.png using Guid(3d08f88e69bfbaa419c95783f6fca9b5) Importer(815301076,1909f56bfc062723c751e8b465ee728b) (PreviewImporter) -> (artifact id: '1f222c3c924635eddf09a04553ae9f31') in 0.0539465 seconds
Number of updated asset objects reloaded before import = 0Number of asset objects unloaded after import = 3

========================================================================
Received Import Request.
  Time since last request: 0.000146 seconds.
  path: Assets/RESKIN/LEVELS/LEVEL 5 CASTLE INTERIOR/L5 CASTLE INTERIOR/Megacastlepack--1v508h952z1s0a7x34/tiles/light_grey/inner_bottom_right_pass_trough_light_grey.png
  artifactKey: Guid(109708abbd261014398cebaaea7bcf28) Importer(815301076,1909f56bfc062723c751e8b465ee728b)
Start importing Assets/RESKIN/LEVELS/LEVEL 5 CASTLE INTERIOR/L5 CASTLE INTERIOR/Megacastlepack--1v508h952z1s0a7x34/tiles/light_grey/inner_bottom_right_pass_trough_light_grey.png using Guid(109708abbd261014398cebaaea7bcf28) Importer(815301076,1909f56bfc062723c751e8b465ee728b) (PreviewImporter) -> (artifact id: 'd6f9537e3f7f626d75b0df50ab407541') in 0.0134436 seconds
Number of updated asset objects reloaded before import = 0Number of asset objects unloaded after import = 3

========================================================================
Received Import Request.
  Time since last request: 45.991734 seconds.
  path: Assets/RESKIN/LEVELS/LEVEL 5 CASTLE INTERIOR/L5 CASTLE INTERIOR/Megacastlepack--1v508h952z1s0a7x34/tiles/light_grey_no_brick/inner_bottom_left_grey_light_grey.png
  artifactKey: Guid(cd7d2b29488234c438d0ae950712b547) Importer(815301076,1909f56bfc062723c751e8b465ee728b)
Start importing Assets/RESKIN/LEVELS/LEVEL 5 CASTLE INTERIOR/L5 CASTLE INTERIOR/Megacastlepack--1v508h952z1s0a7x34/tiles/light_grey_no_brick/inner_bottom_left_grey_light_grey.png using Guid(cd7d2b29488234c438d0ae950712b547) Importer(815301076,1909f56bfc062723c751e8b465ee728b) (PreviewImporter) -> (artifact id: '0350880dd9b99a44cf3dbfd361f376b8') in 0.0228567 seconds
Number of updated asset objects reloaded before import = 0Number of asset objects unloaded after import = 3

========================================================================
Received Import Request.
  Time since last request: 0.000038 seconds.
  path: Assets/RESKIN/LEVELS/LEVEL 5 CASTLE INTERIOR/L5 CASTLE INTERIOR/Megacastlepack--1v508h952z1s0a7x34/tiles/light_grey_no_brick/inner_bottom_right_pass_trough_light_grey.png
  artifactKey: Guid(d1a793339f5700740bef6a679394ce4c) Importer(815301076,1909f56bfc062723c751e8b465ee728b)
Start importing Assets/RESKIN/LEVELS/LEVEL 5 CASTLE INTERIOR/L5 CASTLE INTERIOR/Megacastlepack--1v508h952z1s0a7x34/tiles/light_grey_no_brick/inner_bottom_right_pass_trough_light_grey.png using Guid(d1a793339f5700740bef6a679394ce4c) Importer(815301076,1909f56bfc062723c751e8b465ee728b) (PreviewImporter) -> (artifact id: '158eaeb14b1786b7d2335502303d7593') in 0.0224179 seconds
Number of updated asset objects reloaded before import = 0Number of asset objects unloaded after import = 3

========================================================================
Received Import Request.
  Time since last request: 0.000060 seconds.
  path: Assets/RESKIN/LEVELS/LEVEL 5 CASTLE INTERIOR/L5 CASTLE INTERIOR/Megacastlepack--1v508h952z1s0a7x34/tiles/light_grey_no_brick/inner_top_right_grey_light_grey.png
  artifactKey: Guid(090e12dddd1b38d469a93c71c2cf12cd) Importer(815301076,1909f56bfc062723c751e8b465ee728b)
Start importing Assets/RESKIN/LEVELS/LEVEL 5 CASTLE INTERIOR/L5 CASTLE INTERIOR/Megacastlepack--1v508h952z1s0a7x34/tiles/light_grey_no_brick/inner_top_right_grey_light_grey.png using Guid(090e12dddd1b38d469a93c71c2cf12cd) Importer(815301076,1909f56bfc062723c751e8b465ee728b) (PreviewImporter) -> (artifact id: '2fb3e1c050149f0e9e346bb3a0d99225') in 0.0210826 seconds
Number of updated asset objects reloaded before import = 0Number of asset objects unloaded after import = 3

========================================================================
Received Import Request.
  Time since last request: 0.000064 seconds.
  path: Assets/RESKIN/LEVELS/LEVEL 5 CASTLE INTERIOR/L5 CASTLE INTERIOR/Megacastlepack--1v508h952z1s0a7x34/tiles/light_grey_no_brick/outer_bottom_left_grey_light_grey.png
  artifactKey: Guid(35f48940c820cef44a1d2c186ac47a3c) Importer(815301076,1909f56bfc062723c751e8b465ee728b)
Start importing Assets/RESKIN/LEVELS/LEVEL 5 CASTLE INTERIOR/L5 CASTLE INTERIOR/Megacastlepack--1v508h952z1s0a7x34/tiles/light_grey_no_brick/outer_bottom_left_grey_light_grey.png using Guid(35f48940c820cef44a1d2c186ac47a3c) Importer(815301076,1909f56bfc062723c751e8b465ee728b) (PreviewImporter) -> (artifact id: '0528744feaff0d78879ace7cf36e9074') in 0.0224494 seconds
Number of updated asset objects reloaded before import = 0Number of asset objects unloaded after import = 3

========================================================================
Received Import Request.
  Time since last request: 0.000024 seconds.
  path: Assets/RESKIN/LEVELS/LEVEL 5 CASTLE INTERIOR/L5 CASTLE INTERIOR/Megacastlepack--1v508h952z1s0a7x34/tiles/light_grey_no_brick/inner_top_left_grey_light_grey.png
  artifactKey: Guid(bdda46675c89ccf4aae9b7d7f69c4e79) Importer(815301076,1909f56bfc062723c751e8b465ee728b)
Start importing Assets/RESKIN/LEVELS/LEVEL 5 CASTLE INTERIOR/L5 CASTLE INTERIOR/Megacastlepack--1v508h952z1s0a7x34/tiles/light_grey_no_brick/inner_top_left_grey_light_grey.png using Guid(bdda46675c89ccf4aae9b7d7f69c4e79) Importer(815301076,1909f56bfc062723c751e8b465ee728b) (PreviewImporter) -> (artifact id: '5217c5783f50ea27845cd789e80719cc') in 0.0187119 seconds
Number of updated asset objects reloaded before import = 0Number of asset objects unloaded after import = 3

========================================================================
Received Import Request.
  Time since last request: 0.000024 seconds.
  path: Assets/RESKIN/LEVELS/LEVEL 5 CASTLE INTERIOR/L5 CASTLE INTERIOR/Megacastlepack--1v508h952z1s0a7x34/tiles/light_grey_no_brick/outer_bottom_right_grey_light_grey.png
  artifactKey: Guid(083b571e31efab243854f2b9d8566b47) Importer(815301076,1909f56bfc062723c751e8b465ee728b)
Start importing Assets/RESKIN/LEVELS/LEVEL 5 CASTLE INTERIOR/L5 CASTLE INTERIOR/Megacastlepack--1v508h952z1s0a7x34/tiles/light_grey_no_brick/outer_bottom_right_grey_light_grey.png using Guid(083b571e31efab243854f2b9d8566b47) Importer(815301076,1909f56bfc062723c751e8b465ee728b) (PreviewImporter) -> (artifact id: 'afc4d6fd34ad4cbab7bdfb357d2be4b9') in 0.0183458 seconds
Number of updated asset objects reloaded before import = 0Number of asset objects unloaded after import = 3

========================================================================
Received Import Request.
  Time since last request: 18.500682 seconds.
  path: Assets/RESKIN/LEVELS/LEVEL 5 CASTLE INTERIOR/L5 CASTLE INTERIOR/Megacastlepack--1v508h952z1s0a7x34/tiles/light_grey_no_brick/inner_bottom_left_grey_light_grey.png
  artifactKey: Guid(cd7d2b29488234c438d0ae950712b547) Importer(815301076,1909f56bfc062723c751e8b465ee728b)
Start importing Assets/RESKIN/LEVELS/LEVEL 5 CASTLE INTERIOR/L5 CASTLE INTERIOR/Megacastlepack--1v508h952z1s0a7x34/tiles/light_grey_no_brick/inner_bottom_left_grey_light_grey.png using Guid(cd7d2b29488234c438d0ae950712b547) Importer(815301076,1909f56bfc062723c751e8b465ee728b) (PreviewImporter) -> (artifact id: '7615b5c758c67db4c70a6050f2592dce') in 0.0132594 seconds
Number of updated asset objects reloaded before import = 0Number of asset objects unloaded after import = 3

========================================================================
Received Import Request.
  Time since last request: 0.000029 seconds.
  path: Assets/RESKIN/LEVELS/LEVEL 5 CASTLE INTERIOR/L5 CASTLE INTERIOR/Megacastlepack--1v508h952z1s0a7x34/tiles/light_grey_no_brick/inner_bottom_right_grey_light_grey.png
  artifactKey: Guid(f4d889ca88c35e24a8318c68ac597a10) Importer(815301076,1909f56bfc062723c751e8b465ee728b)
Start importing Assets/RESKIN/LEVELS/LEVEL 5 CASTLE INTERIOR/L5 CASTLE INTERIOR/Megacastlepack--1v508h952z1s0a7x34/tiles/light_grey_no_brick/inner_bottom_right_grey_light_grey.png using Guid(f4d889ca88c35e24a8318c68ac597a10) Importer(815301076,1909f56bfc062723c751e8b465ee728b) (PreviewImporter) -> (artifact id: '7b8a42880253ebc94d43e6d7b514a542') in 0.0105114 seconds
Number of updated asset objects reloaded before import = 0Number of asset objects unloaded after import = 3

========================================================================
Received Import Request.
  Time since last request: 0.000020 seconds.
  path: Assets/RESKIN/LEVELS/LEVEL 5 CASTLE INTERIOR/L5 CASTLE INTERIOR/Megacastlepack--1v508h952z1s0a7x34/tiles/light_grey_no_brick/inner_top_right_grey_light_grey.png
  artifactKey: Guid(090e12dddd1b38d469a93c71c2cf12cd) Importer(815301076,1909f56bfc062723c751e8b465ee728b)
Start importing Assets/RESKIN/LEVELS/LEVEL 5 CASTLE INTERIOR/L5 CASTLE INTERIOR/Megacastlepack--1v508h952z1s0a7x34/tiles/light_grey_no_brick/inner_top_right_grey_light_grey.png using Guid(090e12dddd1b38d469a93c71c2cf12cd) Importer(815301076,1909f56bfc062723c751e8b465ee728b) (PreviewImporter) -> (artifact id: '4640e5d01d145a2cba78b6cff6a79e84') in 0.0208786 seconds
Number of updated asset objects reloaded before import = 0Number of asset objects unloaded after import = 3

========================================================================
Received Import Request.
  Time since last request: 0.000070 seconds.
  path: Assets/RESKIN/LEVELS/LEVEL 5 CASTLE INTERIOR/L5 CASTLE INTERIOR/Megacastlepack--1v508h952z1s0a7x34/tiles/light_grey_no_brick/outer_top_right_grey_light_grey.png
  artifactKey: Guid(0f3fb060305c22343aa5c750363af1ad) Importer(815301076,1909f56bfc062723c751e8b465ee728b)
Start importing Assets/RESKIN/LEVELS/LEVEL 5 CASTLE INTERIOR/L5 CASTLE INTERIOR/Megacastlepack--1v508h952z1s0a7x34/tiles/light_grey_no_brick/outer_top_right_grey_light_grey.png using Guid(0f3fb060305c22343aa5c750363af1ad) Importer(815301076,1909f56bfc062723c751e8b465ee728b) (PreviewImporter) -> (artifact id: 'b5b8aca8ce3215c29b324f179d88ede6') in 0.0196282 seconds
Number of updated asset objects reloaded before import = 0Number of asset objects unloaded after import = 3

========================================================================
Received Import Request.
  Time since last request: 0.000072 seconds.
  path: Assets/RESKIN/LEVELS/LEVEL 5 CASTLE INTERIOR/L5 CASTLE INTERIOR/Megacastlepack--1v508h952z1s0a7x34/tiles/light_grey_no_brick/outer_bottom_right_grey_light_grey.png
  artifactKey: Guid(083b571e31efab243854f2b9d8566b47) Importer(815301076,1909f56bfc062723c751e8b465ee728b)
Start importing Assets/RESKIN/LEVELS/LEVEL 5 CASTLE INTERIOR/L5 CASTLE INTERIOR/Megacastlepack--1v508h952z1s0a7x34/tiles/light_grey_no_brick/outer_bottom_right_grey_light_grey.png using Guid(083b571e31efab243854f2b9d8566b47) Importer(815301076,1909f56bfc062723c751e8b465ee728b) (PreviewImporter) -> (artifact id: 'a652ae8c79a659e2768f4d86b95944d9') in 0.0173463 seconds
Number of updated asset objects reloaded before import = 0Number of asset objects unloaded after import = 3

========================================================================
Received Import Request.
  Time since last request: 1522.863626 seconds.
  path: Assets/RESKIN/LEVELS/LEVEL 5 CASTLE INTERIOR/L5 CASTLE INTERIOR/Megacastlepack--1v508h952z1s0a7x34/tiles/light_grey/platform_right_light_grey.png
  artifactKey: Guid(6e01c8ea47672324dbae751e86215e7c) Importer(815301076,1909f56bfc062723c751e8b465ee728b)
Start importing Assets/RESKIN/LEVELS/LEVEL 5 CASTLE INTERIOR/L5 CASTLE INTERIOR/Megacastlepack--1v508h952z1s0a7x34/tiles/light_grey/platform_right_light_grey.png using Guid(6e01c8ea47672324dbae751e86215e7c) Importer(815301076,1909f56bfc062723c751e8b465ee728b) (PreviewImporter) -> (artifact id: '4447e7a885fb7517594bb3d930be7492') in 0.0208707 seconds
Number of updated asset objects reloaded before import = 0Number of asset objects unloaded after import = 3

========================================================================
Received Import Request.
  Time since last request: 18.357475 seconds.
  path: Assets/RESKIN/LEVELS/LEVEL 5 CASTLE INTERIOR/L5 CASTLE INTERIOR/Megacastlepack--1v508h952z1s0a7x34/tiles/light_grey/platform_right_light_grey.png
  artifactKey: Guid(6e01c8ea47672324dbae751e86215e7c) Importer(815301076,1909f56bfc062723c751e8b465ee728b)
Start importing Assets/RESKIN/LEVELS/LEVEL 5 CASTLE INTERIOR/L5 CASTLE INTERIOR/Megacastlepack--1v508h952z1s0a7x34/tiles/light_grey/platform_right_light_grey.png using Guid(6e01c8ea47672324dbae751e86215e7c) Importer(815301076,1909f56bfc062723c751e8b465ee728b) (PreviewImporter) -> (artifact id: '8f87a6cf5bfa9e7808583e6a604967f9') in 0.0213443 seconds
Number of updated asset objects reloaded before import = 0Number of asset objects unloaded after import = 3

========================================================================
Received Import Request.
  Time since last request: 5.482713 seconds.
  path: Assets/RESKIN/LEVELS/LEVEL 5 CASTLE INTERIOR/L5 CASTLE INTERIOR/Megacastlepack--1v508h952z1s0a7x34/tiles/light_grey/platform_right_light_grey.png
  artifactKey: Guid(6e01c8ea47672324dbae751e86215e7c) Importer(815301076,1909f56bfc062723c751e8b465ee728b)
Start importing Assets/RESKIN/LEVELS/LEVEL 5 CASTLE INTERIOR/L5 CASTLE INTERIOR/Megacastlepack--1v508h952z1s0a7x34/tiles/light_grey/platform_right_light_grey.png using Guid(6e01c8ea47672324dbae751e86215e7c) Importer(815301076,1909f56bfc062723c751e8b465ee728b) (PreviewImporter) -> (artifact id: 'e5e07380aa38435da2b9c8090e83fc94') in 0.0208006 seconds
Number of updated asset objects reloaded before import = 0Number of asset objects unloaded after import = 3

========================================================================
Received Import Request.
  Time since last request: 5.116961 seconds.
  path: Assets/RESKIN/LEVELS/LEVEL 5 CASTLE INTERIOR/L5 CASTLE INTERIOR/Megacastlepack--1v508h952z1s0a7x34/tiles/light_grey/platform_right_light_grey.png
  artifactKey: Guid(6e01c8ea47672324dbae751e86215e7c) Importer(815301076,1909f56bfc062723c751e8b465ee728b)
Start importing Assets/RESKIN/LEVELS/LEVEL 5 CASTLE INTERIOR/L5 CASTLE INTERIOR/Megacastlepack--1v508h952z1s0a7x34/tiles/light_grey/platform_right_light_grey.png using Guid(6e01c8ea47672324dbae751e86215e7c) Importer(815301076,1909f56bfc062723c751e8b465ee728b) (PreviewImporter) -> (artifact id: 'e4c8b52b84dc2744d629575db4140ede') in 0.0432877 seconds
Number of updated asset objects reloaded before import = 0Number of asset objects unloaded after import = 3

========================================================================
Received Import Request.
  Time since last request: 3.400245 seconds.
  path: Assets/RESKIN/LEVELS/LEVEL 5 CASTLE INTERIOR/L5 CASTLE INTERIOR/Megacastlepack--1v508h952z1s0a7x34/tiles/light_grey/platform_right_light_grey.png
  artifactKey: Guid(6e01c8ea47672324dbae751e86215e7c) Importer(815301076,1909f56bfc062723c751e8b465ee728b)
Start importing Assets/RESKIN/LEVELS/LEVEL 5 CASTLE INTERIOR/L5 CASTLE INTERIOR/Megacastlepack--1v508h952z1s0a7x34/tiles/light_grey/platform_right_light_grey.png using Guid(6e01c8ea47672324dbae751e86215e7c) Importer(815301076,1909f56bfc062723c751e8b465ee728b) (PreviewImporter) -> (artifact id: '6d4289c5fed3a37e4c3f038c5bdf1ce7') in 0.0199658 seconds
Number of updated asset objects reloaded before import = 0Number of asset objects unloaded after import = 3

========================================================================
Received Import Request.
  Time since last request: 6.434234 seconds.
  path: Assets/RESKIN/LEVELS/LEVEL 5 CASTLE INTERIOR/L5 CASTLE INTERIOR/Megacastlepack--1v508h952z1s0a7x34/tiles/light_grey/platform_right_light_grey.png
  artifactKey: Guid(6e01c8ea47672324dbae751e86215e7c) Importer(815301076,1909f56bfc062723c751e8b465ee728b)
Start importing Assets/RESKIN/LEVELS/LEVEL 5 CASTLE INTERIOR/L5 CASTLE INTERIOR/Megacastlepack--1v508h952z1s0a7x34/tiles/light_grey/platform_right_light_grey.png using Guid(6e01c8ea47672324dbae751e86215e7c) Importer(815301076,1909f56bfc062723c751e8b465ee728b) (PreviewImporter) -> (artifact id: '310a1b2ed5ff0dda513c211a0c7beb09') in 0.0197627 seconds
Number of updated asset objects reloaded before import = 0Number of asset objects unloaded after import = 3

========================================================================
Received Prepare
Begin MonoManager ReloadAssembly
- Loaded All Assemblies, in  0.675 seconds
Refreshing native plugins compatible for Editor in 6.85 ms, found 1 plugins.
Native extension for iOS target not found
Native extension for Android target not found
Native extension for WindowsStandalone target not found
Native extension for WebGL target not found
Mono: successfully reloaded assembly
- Finished resetting the current domain, in  0.879 seconds
Domain Reload Profiling: 1552ms
	BeginReloadAssembly (259ms)
		ExecutionOrderSort (0ms)
		DisableScriptedObjects (19ms)
		BackupInstance (0ms)
		ReleaseScriptingObjects (0ms)
		CreateAndSetChildDomain (66ms)
	RebuildCommonClasses (42ms)
	RebuildNativeTypeToScriptingClass (14ms)
	initialDomainReloadingComplete (33ms)
	LoadAllAssembliesAndSetupDomain (324ms)
		LoadAssemblies (366ms)
		RebuildTransferFunctionScriptingTraits (0ms)
		AnalyzeDomain (85ms)
			TypeCache.Refresh (6ms)
				TypeCache.ScanAssembly (0ms)
			BuildScriptInfoCaches (70ms)
			ResolveRequiredComponents (5ms)
	FinalizeReload (880ms)
		ReleaseScriptCaches (0ms)
		RebuildScriptCaches (0ms)
		SetupLoadedEditorAssemblies (565ms)
			LogAssemblyErrors (0ms)
			InitializePlatformSupportModulesInManaged (26ms)
			SetLoadedEditorAssemblies (3ms)
			BeforeProcessingInitializeOnLoad (47ms)
			ProcessInitializeOnLoadAttributes (388ms)
			ProcessInitializeOnLoadMethodAttributes (89ms)
			AfterProcessingInitializeOnLoad (11ms)
			EditorAssembliesLoaded (0ms)
		ExecutionOrderSort2 (0ms)
		AwakeInstancesAfterBackupRestoration (9ms)
Refreshing native plugins compatible for Editor in 6.16 ms, found 1 plugins.
Preloading 0 native plugins for Editor in 0.00 ms.
Unloading 7 Unused Serialized files (Serialized files now loaded: 0)
Unloading 2170 unused Assets / (1.0 MB). Loaded Objects now: 2741.
Memory consumption went from 104.7 MB to 103.7 MB.
Total: 6.897900 ms (FindLiveObjects: 0.447700 ms CreateObjectMapping: 0.186600 ms MarkObjects: 5.217700 ms  DeleteObjects: 1.043800 ms)

Prepare: number of updated asset objects reloaded= 0
========================================================================
Received Prepare
Begin MonoManager ReloadAssembly
- Loaded All Assemblies, in  0.576 seconds
Refreshing native plugins compatible for Editor in 6.51 ms, found 1 plugins.
Native extension for iOS target not found
Native extension for Android target not found
Native extension for WindowsStandalone target not found
Native extension for WebGL target not found
Mono: successfully reloaded assembly
- Finished resetting the current domain, in  0.811 seconds
Domain Reload Profiling: 1384ms
	BeginReloadAssembly (205ms)
		ExecutionOrderSort (0ms)
		DisableScriptedObjects (15ms)
		BackupInstance (0ms)
		ReleaseScriptingObjects (0ms)
		CreateAndSetChildDomain (40ms)
	RebuildCommonClasses (38ms)
	RebuildNativeTypeToScriptingClass (14ms)
	initialDomainReloadingComplete (36ms)
	LoadAllAssembliesAndSetupDomain (279ms)
		LoadAssemblies (307ms)
		RebuildTransferFunctionScriptingTraits (0ms)
		AnalyzeDomain (83ms)
			TypeCache.Refresh (5ms)
				TypeCache.ScanAssembly (0ms)
			BuildScriptInfoCaches (71ms)
			ResolveRequiredComponents (4ms)
	FinalizeReload (811ms)
		ReleaseScriptCaches (0ms)
		RebuildScriptCaches (0ms)
		SetupLoadedEditorAssemblies (525ms)
			LogAssemblyErrors (0ms)
			InitializePlatformSupportModulesInManaged (18ms)
			SetLoadedEditorAssemblies (4ms)
			BeforeProcessingInitializeOnLoad (37ms)
			ProcessInitializeOnLoadAttributes (386ms)
			ProcessInitializeOnLoadMethodAttributes (71ms)
			AfterProcessingInitializeOnLoad (11ms)
			EditorAssembliesLoaded (0ms)
		ExecutionOrderSort2 (0ms)
		AwakeInstancesAfterBackupRestoration (9ms)
Refreshing native plugins compatible for Editor in 6.54 ms, found 1 plugins.
Preloading 0 native plugins for Editor in 0.00 ms.
Unloading 7 Unused Serialized files (Serialized files now loaded: 0)
Unloading 2170 unused Assets / (1.0 MB). Loaded Objects now: 2743.
Memory consumption went from 104.7 MB to 103.8 MB.
Total: 6.846500 ms (FindLiveObjects: 0.319400 ms CreateObjectMapping: 0.225300 ms MarkObjects: 5.399000 ms  DeleteObjects: 0.901700 ms)

Prepare: number of updated asset objects reloaded= 0
========================================================================
Received Prepare
Begin MonoManager ReloadAssembly
- Loaded All Assemblies, in  0.567 seconds
Refreshing native plugins compatible for Editor in 6.57 ms, found 1 plugins.
Native extension for iOS target not found
Native extension for Android target not found
Native extension for WindowsStandalone target not found
Native extension for WebGL target not found
Mono: successfully reloaded assembly
- Finished resetting the current domain, in  0.789 seconds
Domain Reload Profiling: 1354ms
	BeginReloadAssembly (200ms)
		ExecutionOrderSort (0ms)
		DisableScriptedObjects (14ms)
		BackupInstance (0ms)
		ReleaseScriptingObjects (0ms)
		CreateAndSetChildDomain (42ms)
	RebuildCommonClasses (38ms)
	RebuildNativeTypeToScriptingClass (14ms)
	initialDomainReloadingComplete (30ms)
	LoadAllAssembliesAndSetupDomain (282ms)
		LoadAssemblies (304ms)
		RebuildTransferFunctionScriptingTraits (0ms)
		AnalyzeDomain (85ms)
			TypeCache.Refresh (5ms)
				TypeCache.ScanAssembly (0ms)
			BuildScriptInfoCaches (71ms)
			ResolveRequiredComponents (5ms)
	FinalizeReload (790ms)
		ReleaseScriptCaches (0ms)
		RebuildScriptCaches (0ms)
		SetupLoadedEditorAssemblies (503ms)
			LogAssemblyErrors (0ms)
			InitializePlatformSupportModulesInManaged (17ms)
			SetLoadedEditorAssemblies (3ms)
			BeforeProcessingInitializeOnLoad (43ms)
			ProcessInitializeOnLoadAttributes (362ms)
			ProcessInitializeOnLoadMethodAttributes (68ms)
			AfterProcessingInitializeOnLoad (10ms)
			EditorAssembliesLoaded (0ms)
		ExecutionOrderSort2 (0ms)
		AwakeInstancesAfterBackupRestoration (8ms)
Refreshing native plugins compatible for Editor in 6.49 ms, found 1 plugins.
Preloading 0 native plugins for Editor in 0.00 ms.
Unloading 7 Unused Serialized files (Serialized files now loaded: 0)
Unloading 2170 unused Assets / (0.9 MB). Loaded Objects now: 2745.
Memory consumption went from 104.7 MB to 103.8 MB.
Total: 7.004800 ms (FindLiveObjects: 0.315600 ms CreateObjectMapping: 0.235600 ms MarkObjects: 5.487100 ms  DeleteObjects: 0.965500 ms)

Prepare: number of updated asset objects reloaded= 0
========================================================================
Received Prepare
Begin MonoManager ReloadAssembly
- Loaded All Assemblies, in  0.620 seconds
Refreshing native plugins compatible for Editor in 8.47 ms, found 1 plugins.
Native extension for iOS target not found
Native extension for Android target not found
Native extension for WindowsStandalone target not found
Native extension for WebGL target not found
Mono: successfully reloaded assembly
- Finished resetting the current domain, in  0.740 seconds
Domain Reload Profiling: 1357ms
	BeginReloadAssembly (213ms)
		ExecutionOrderSort (0ms)
		DisableScriptedObjects (15ms)
		BackupInstance (0ms)
		ReleaseScriptingObjects (0ms)
		CreateAndSetChildDomain (47ms)
	RebuildCommonClasses (40ms)
	RebuildNativeTypeToScriptingClass (15ms)
	initialDomainReloadingComplete (37ms)
	LoadAllAssembliesAndSetupDomain (312ms)
		LoadAssemblies (322ms)
		RebuildTransferFunctionScriptingTraits (0ms)
		AnalyzeDomain (101ms)
			TypeCache.Refresh (6ms)
				TypeCache.ScanAssembly (0ms)
			BuildScriptInfoCaches (86ms)
			ResolveRequiredComponents (5ms)
	FinalizeReload (740ms)
		ReleaseScriptCaches (0ms)
		RebuildScriptCaches (0ms)
		SetupLoadedEditorAssemblies (478ms)
			LogAssemblyErrors (0ms)
			InitializePlatformSupportModulesInManaged (18ms)
			SetLoadedEditorAssemblies (4ms)
			BeforeProcessingInitializeOnLoad (42ms)
			ProcessInitializeOnLoadAttributes (353ms)
			ProcessInitializeOnLoadMethodAttributes (52ms)
			AfterProcessingInitializeOnLoad (9ms)
			EditorAssembliesLoaded (0ms)
		ExecutionOrderSort2 (0ms)
		AwakeInstancesAfterBackupRestoration (7ms)
Refreshing native plugins compatible for Editor in 6.34 ms, found 1 plugins.
Preloading 0 native plugins for Editor in 0.00 ms.
Unloading 7 Unused Serialized files (Serialized files now loaded: 0)
Unloading 2170 unused Assets / (1.0 MB). Loaded Objects now: 2747.
Memory consumption went from 104.7 MB to 103.8 MB.
Total: 7.071200 ms (FindLiveObjects: 0.275800 ms CreateObjectMapping: 0.197100 ms MarkObjects: 5.507900 ms  DeleteObjects: 1.088600 ms)

Prepare: number of updated asset objects reloaded= 0
========================================================================
Received Prepare
Begin MonoManager ReloadAssembly
- Loaded All Assemblies, in  0.598 seconds
Refreshing native plugins compatible for Editor in 6.67 ms, found 1 plugins.
Native extension for iOS target not found
Native extension for Android target not found
Native extension for WindowsStandalone target not found
Native extension for WebGL target not found
Mono: successfully reloaded assembly
- Finished resetting the current domain, in  0.805 seconds
Domain Reload Profiling: 1400ms
	BeginReloadAssembly (207ms)
		ExecutionOrderSort (0ms)
		DisableScriptedObjects (15ms)
		BackupInstance (0ms)
		ReleaseScriptingObjects (0ms)
		CreateAndSetChildDomain (41ms)
	RebuildCommonClasses (39ms)
	RebuildNativeTypeToScriptingClass (13ms)
	initialDomainReloadingComplete (37ms)
	LoadAllAssembliesAndSetupDomain (298ms)
		LoadAssemblies (333ms)
		RebuildTransferFunctionScriptingTraits (0ms)
		AnalyzeDomain (77ms)
			TypeCache.Refresh (5ms)
				TypeCache.ScanAssembly (0ms)
			BuildScriptInfoCaches (65ms)
			ResolveRequiredComponents (4ms)
	FinalizeReload (805ms)
		ReleaseScriptCaches (0ms)
		RebuildScriptCaches (0ms)
		SetupLoadedEditorAssemblies (491ms)
			LogAssemblyErrors (0ms)
			InitializePlatformSupportModulesInManaged (24ms)
			SetLoadedEditorAssemblies (3ms)
			BeforeProcessingInitializeOnLoad (39ms)
			ProcessInitializeOnLoadAttributes (343ms)
			ProcessInitializeOnLoadMethodAttributes (70ms)
			AfterProcessingInitializeOnLoad (12ms)
			EditorAssembliesLoaded (0ms)
		ExecutionOrderSort2 (0ms)
		AwakeInstancesAfterBackupRestoration (10ms)
Refreshing native plugins compatible for Editor in 7.91 ms, found 1 plugins.
Preloading 0 native plugins for Editor in 0.00 ms.
Unloading 7 Unused Serialized files (Serialized files now loaded: 0)
Unloading 2170 unused Assets / (1.2 MB). Loaded Objects now: 2749.
Memory consumption went from 104.7 MB to 103.5 MB.
Total: 7.913200 ms (FindLiveObjects: 0.368200 ms CreateObjectMapping: 0.483300 ms MarkObjects: 5.617300 ms  DeleteObjects: 1.442600 ms)

Prepare: number of updated asset objects reloaded= 0
========================================================================
Received Prepare
Begin MonoManager ReloadAssembly
- Loaded All Assemblies, in  0.559 seconds
Refreshing native plugins compatible for Editor in 6.29 ms, found 1 plugins.
Native extension for iOS target not found
Native extension for Android target not found
Native extension for WindowsStandalone target not found
Native extension for WebGL target not found
Mono: successfully reloaded assembly
- Finished resetting the current domain, in  0.752 seconds
Domain Reload Profiling: 1309ms
	BeginReloadAssembly (198ms)
		ExecutionOrderSort (0ms)
		DisableScriptedObjects (15ms)
		BackupInstance (0ms)
		ReleaseScriptingObjects (0ms)
		CreateAndSetChildDomain (39ms)
	RebuildCommonClasses (38ms)
	RebuildNativeTypeToScriptingClass (14ms)
	initialDomainReloadingComplete (31ms)
	LoadAllAssembliesAndSetupDomain (277ms)
		LoadAssemblies (306ms)
		RebuildTransferFunctionScriptingTraits (0ms)
		AnalyzeDomain (77ms)
			TypeCache.Refresh (5ms)
				TypeCache.ScanAssembly (0ms)
			BuildScriptInfoCaches (64ms)
			ResolveRequiredComponents (4ms)
	FinalizeReload (753ms)
		ReleaseScriptCaches (0ms)
		RebuildScriptCaches (0ms)
		SetupLoadedEditorAssemblies (477ms)
			LogAssemblyErrors (0ms)
			InitializePlatformSupportModulesInManaged (20ms)
			SetLoadedEditorAssemblies (4ms)
			BeforeProcessingInitializeOnLoad (44ms)
			ProcessInitializeOnLoadAttributes (343ms)
			ProcessInitializeOnLoadMethodAttributes (55ms)
			AfterProcessingInitializeOnLoad (10ms)
			EditorAssembliesLoaded (0ms)
		ExecutionOrderSort2 (0ms)
		AwakeInstancesAfterBackupRestoration (9ms)
Refreshing native plugins compatible for Editor in 7.84 ms, found 1 plugins.
Preloading 0 native plugins for Editor in 0.00 ms.
Unloading 7 Unused Serialized files (Serialized files now loaded: 0)
Unloading 2170 unused Assets / (0.9 MB). Loaded Objects now: 2751.
Memory consumption went from 104.7 MB to 103.8 MB.
Total: 7.467900 ms (FindLiveObjects: 0.285000 ms CreateObjectMapping: 0.204100 ms MarkObjects: 6.122500 ms  DeleteObjects: 0.854800 ms)

Prepare: number of updated asset objects reloaded= 0
========================================================================
Received Prepare
Begin MonoManager ReloadAssembly
- Loaded All Assemblies, in  0.714 seconds
Refreshing native plugins compatible for Editor in 6.30 ms, found 1 plugins.
Native extension for iOS target not found
Native extension for Android target not found
Native extension for WindowsStandalone target not found
Native extension for WebGL target not found
Mono: successfully reloaded assembly
- Finished resetting the current domain, in  0.776 seconds
Domain Reload Profiling: 1487ms
	BeginReloadAssembly (287ms)
		ExecutionOrderSort (0ms)
		DisableScriptedObjects (33ms)
		BackupInstance (0ms)
		ReleaseScriptingObjects (0ms)
		CreateAndSetChildDomain (75ms)
	RebuildCommonClasses (41ms)
	RebuildNativeTypeToScriptingClass (14ms)
	initialDomainReloadingComplete (35ms)
	LoadAllAssembliesAndSetupDomain (333ms)
		LoadAssemblies (370ms)
		RebuildTransferFunctionScriptingTraits (0ms)
		AnalyzeDomain (88ms)
			TypeCache.Refresh (7ms)
				TypeCache.ScanAssembly (0ms)
			BuildScriptInfoCaches (73ms)
			ResolveRequiredComponents (5ms)
	FinalizeReload (777ms)
		ReleaseScriptCaches (0ms)
		RebuildScriptCaches (0ms)
		SetupLoadedEditorAssemblies (494ms)
			LogAssemblyErrors (0ms)
			InitializePlatformSupportModulesInManaged (19ms)
			SetLoadedEditorAssemblies (4ms)
			BeforeProcessingInitializeOnLoad (40ms)
			ProcessInitializeOnLoadAttributes (365ms)
			ProcessInitializeOnLoadMethodAttributes (57ms)
			AfterProcessingInitializeOnLoad (10ms)
			EditorAssembliesLoaded (0ms)
		ExecutionOrderSort2 (0ms)
		AwakeInstancesAfterBackupRestoration (9ms)
Refreshing native plugins compatible for Editor in 6.95 ms, found 1 plugins.
Preloading 0 native plugins for Editor in 0.00 ms.
Unloading 7 Unused Serialized files (Serialized files now loaded: 0)
Unloading 2170 unused Assets / (1.0 MB). Loaded Objects now: 2753.
Memory consumption went from 104.8 MB to 103.8 MB.
Total: 6.619700 ms (FindLiveObjects: 0.315900 ms CreateObjectMapping: 0.198100 ms MarkObjects: 4.903400 ms  DeleteObjects: 1.200700 ms)

Prepare: number of updated asset objects reloaded= 0
========================================================================
Received Prepare
Begin MonoManager ReloadAssembly
- Loaded All Assemblies, in  0.565 seconds
Refreshing native plugins compatible for Editor in 6.70 ms, found 1 plugins.
Native extension for iOS target not found
Native extension for Android target not found
Native extension for WindowsStandalone target not found
Native extension for WebGL target not found
Mono: successfully reloaded assembly
- Finished resetting the current domain, in  0.817 seconds
Domain Reload Profiling: 1379ms
	BeginReloadAssembly (205ms)
		ExecutionOrderSort (0ms)
		DisableScriptedObjects (15ms)
		BackupInstance (0ms)
		ReleaseScriptingObjects (0ms)
		CreateAndSetChildDomain (39ms)
	RebuildCommonClasses (39ms)
	RebuildNativeTypeToScriptingClass (14ms)
	initialDomainReloadingComplete (31ms)
	LoadAllAssembliesAndSetupDomain (273ms)
		LoadAssemblies (308ms)
		RebuildTransferFunctionScriptingTraits (0ms)
		AnalyzeDomain (79ms)
			TypeCache.Refresh (5ms)
				TypeCache.ScanAssembly (0ms)
			BuildScriptInfoCaches (65ms)
			ResolveRequiredComponents (6ms)
	FinalizeReload (817ms)
		ReleaseScriptCaches (0ms)
		RebuildScriptCaches (0ms)
		SetupLoadedEditorAssemblies (515ms)
			LogAssemblyErrors (0ms)
			InitializePlatformSupportModulesInManaged (18ms)
			SetLoadedEditorAssemblies (3ms)
			BeforeProcessingInitializeOnLoad (37ms)
			ProcessInitializeOnLoadAttributes (375ms)
			ProcessInitializeOnLoadMethodAttributes (69ms)
			AfterProcessingInitializeOnLoad (12ms)
			EditorAssembliesLoaded (0ms)
		ExecutionOrderSort2 (0ms)
		AwakeInstancesAfterBackupRestoration (10ms)
Refreshing native plugins compatible for Editor in 8.16 ms, found 1 plugins.
Preloading 0 native plugins for Editor in 0.00 ms.
Unloading 7 Unused Serialized files (Serialized files now loaded: 0)
Unloading 2170 unused Assets / (1.0 MB). Loaded Objects now: 2755.
Memory consumption went from 104.8 MB to 103.8 MB.
Total: 7.482300 ms (FindLiveObjects: 0.461200 ms CreateObjectMapping: 0.231800 ms MarkObjects: 5.810500 ms  DeleteObjects: 0.977100 ms)

Prepare: number of updated asset objects reloaded= 0
========================================================================
Received Prepare
Begin MonoManager ReloadAssembly
- Loaded All Assemblies, in  0.564 seconds
Refreshing native plugins compatible for Editor in 6.49 ms, found 1 plugins.
Native extension for iOS target not found
Native extension for Android target not found
Native extension for WindowsStandalone target not found
Native extension for WebGL target not found
Mono: successfully reloaded assembly
- Finished resetting the current domain, in  0.755 seconds
Domain Reload Profiling: 1316ms
	BeginReloadAssembly (204ms)
		ExecutionOrderSort (0ms)
		DisableScriptedObjects (15ms)
		BackupInstance (0ms)
		ReleaseScriptingObjects (0ms)
		CreateAndSetChildDomain (40ms)
	RebuildCommonClasses (39ms)
	RebuildNativeTypeToScriptingClass (14ms)
	initialDomainReloadingComplete (31ms)
	LoadAllAssembliesAndSetupDomain (273ms)
		LoadAssemblies (307ms)
		RebuildTransferFunctionScriptingTraits (0ms)
		AnalyzeDomain (78ms)
			TypeCache.Refresh (6ms)
				TypeCache.ScanAssembly (0ms)
			BuildScriptInfoCaches (64ms)
			ResolveRequiredComponents (4ms)
	FinalizeReload (755ms)
		ReleaseScriptCaches (0ms)
		RebuildScriptCaches (0ms)
		SetupLoadedEditorAssemblies (482ms)
			LogAssemblyErrors (0ms)
			InitializePlatformSupportModulesInManaged (17ms)
			SetLoadedEditorAssemblies (3ms)
			BeforeProcessingInitializeOnLoad (42ms)
			ProcessInitializeOnLoadAttributes (349ms)
			ProcessInitializeOnLoadMethodAttributes (61ms)
			AfterProcessingInitializeOnLoad (9ms)
			EditorAssembliesLoaded (0ms)
		ExecutionOrderSort2 (0ms)
		AwakeInstancesAfterBackupRestoration (7ms)
Refreshing native plugins compatible for Editor in 7.68 ms, found 1 plugins.
Preloading 0 native plugins for Editor in 0.00 ms.
Unloading 7 Unused Serialized files (Serialized files now loaded: 0)
Unloading 2170 unused Assets / (1.1 MB). Loaded Objects now: 2757.
Memory consumption went from 104.8 MB to 103.7 MB.
Total: 6.980500 ms (FindLiveObjects: 0.273200 ms CreateObjectMapping: 0.190900 ms MarkObjects: 5.461300 ms  DeleteObjects: 1.054000 ms)

Prepare: number of updated asset objects reloaded= 0
========================================================================
Received Prepare
Begin MonoManager ReloadAssembly
- Loaded All Assemblies, in  0.587 seconds
Refreshing native plugins compatible for Editor in 6.11 ms, found 1 plugins.
Native extension for iOS target not found
Native extension for Android target not found
Native extension for WindowsStandalone target not found
Native extension for WebGL target not found
Mono: successfully reloaded assembly
- Finished resetting the current domain, in  0.762 seconds
Domain Reload Profiling: 1347ms
	BeginReloadAssembly (207ms)
		ExecutionOrderSort (0ms)
		DisableScriptedObjects (15ms)
		BackupInstance (0ms)
		ReleaseScriptingObjects (0ms)
		CreateAndSetChildDomain (40ms)
	RebuildCommonClasses (39ms)
	RebuildNativeTypeToScriptingClass (14ms)
	initialDomainReloadingComplete (31ms)
	LoadAllAssembliesAndSetupDomain (293ms)
		LoadAssemblies (330ms)
		RebuildTransferFunctionScriptingTraits (0ms)
		AnalyzeDomain (76ms)
			TypeCache.Refresh (5ms)
				TypeCache.ScanAssembly (0ms)
			BuildScriptInfoCaches (64ms)
			ResolveRequiredComponents (4ms)
	FinalizeReload (763ms)
		ReleaseScriptCaches (0ms)
		RebuildScriptCaches (0ms)
		SetupLoadedEditorAssemblies (482ms)
			LogAssemblyErrors (0ms)
			InitializePlatformSupportModulesInManaged (20ms)
			SetLoadedEditorAssemblies (3ms)
			BeforeProcessingInitializeOnLoad (39ms)
			ProcessInitializeOnLoadAttributes (350ms)
			ProcessInitializeOnLoadMethodAttributes (59ms)
			AfterProcessingInitializeOnLoad (10ms)
			EditorAssembliesLoaded (0ms)
		ExecutionOrderSort2 (0ms)
		AwakeInstancesAfterBackupRestoration (8ms)
Refreshing native plugins compatible for Editor in 6.24 ms, found 1 plugins.
Preloading 0 native plugins for Editor in 0.00 ms.
Unloading 7 Unused Serialized files (Serialized files now loaded: 0)
Unloading 2170 unused Assets / (0.9 MB). Loaded Objects now: 2759.
Memory consumption went from 104.8 MB to 103.9 MB.
Total: 6.496700 ms (FindLiveObjects: 0.295100 ms CreateObjectMapping: 0.230800 ms MarkObjects: 5.029400 ms  DeleteObjects: 0.940300 ms)

Prepare: number of updated asset objects reloaded= 0
