Using pre-set license
Built from '6000.0/staging' branch; Version is '6000.0.27f1 (27c554a2199c) revision 2606420'; Using compiler version '193933523'; Build Type 'Release'
OS: 'Windows 11  (10.0.26100) 64bit Core' Language: 'it' Physical Memory: 16219 MB
BatchMode: 1, IsHumanControllingUs: 0, StartBugReporterOnCrash: 0, Is64bit: 1, IsPro: 1

COMMAND LINE ARGUMENTS:
C:\Program Files\Unity\Hub\Editor\6000.0.27f1\Editor\Unity.exe
-adb2
-batchMode
-noUpm
-name
AssetImportWorker0
-projectPath
D:/Progetti Unity/FoxAndCoins
-logFile
Logs/AssetImportWorker0.log
-srvPort
64990
-job-worker-count
5
-background-job-worker-count
8
-asset-garbage-collectors
1
Successfully changed project path to: D:/Progetti Unity/FoxAndCoins
D:/Progetti Unity/FoxAndCoins
[UnityMemory] Configuration Parameters - Can be set up in boot.config
    "memorysetup-bucket-allocator-granularity=16"
    "memorysetup-bucket-allocator-bucket-count=8"
    "memorysetup-bucket-allocator-block-size=33554432"
    "memorysetup-bucket-allocator-block-count=8"
    "memorysetup-main-allocator-block-size=16777216"
    "memorysetup-thread-allocator-block-size=16777216"
    "memorysetup-gfx-main-allocator-block-size=16777216"
    "memorysetup-gfx-thread-allocator-block-size=16777216"
    "memorysetup-cache-allocator-block-size=4194304"
    "memorysetup-typetree-allocator-block-size=2097152"
    "memorysetup-profiler-bucket-allocator-granularity=16"
    "memorysetup-profiler-bucket-allocator-bucket-count=8"
    "memorysetup-profiler-bucket-allocator-block-size=33554432"
    "memorysetup-profiler-bucket-allocator-block-count=8"
    "memorysetup-profiler-allocator-block-size=16777216"
    "memorysetup-profiler-editor-allocator-block-size=1048576"
    "memorysetup-temp-allocator-size-main=16777216"
    "memorysetup-job-temp-allocator-block-size=2097152"
    "memorysetup-job-temp-allocator-block-size-background=1048576"
    "memorysetup-job-temp-allocator-reduction-small-platforms=262144"
    "memorysetup-allocator-temp-initial-block-size-main=262144"
    "memorysetup-allocator-temp-initial-block-size-worker=262144"
    "memorysetup-temp-allocator-size-background-worker=32768"
    "memorysetup-temp-allocator-size-job-worker=262144"
    "memorysetup-temp-allocator-size-preload-manager=33554432"
    "memorysetup-temp-allocator-size-nav-mesh-worker=65536"
    "memorysetup-temp-allocator-size-audio-worker=65536"
    "memorysetup-temp-allocator-size-cloud-worker=32768"
    "memorysetup-temp-allocator-size-gi-baking-worker=262144"
    "memorysetup-temp-allocator-size-gi-baking-worker=262144"
    "memorysetup-temp-allocator-size-gi-baking-worker=262144"
    "memorysetup-temp-allocator-size-gi-baking-worker=262144"
    "memorysetup-temp-allocator-size-gi-baking-worker=262144"
    "memorysetup-temp-allocator-size-gfx=262144"
Player connection [26756]  Target information:

Player connection [26756]  * "[IP] 192.168.85.18 [Port] 0 [Flags] 2 [Guid] 2819755976 [EditorId] 2819755976 [Version] 1048832 [Id] WindowsEditor(7,Salvatore) [Debug] 1 [PackageName] WindowsEditor [ProjectName] Editor" 

Player connection [26756] Host joined multi-casting on [225.0.0.222:54997]...
Player connection [26756] Host joined alternative multi-casting on [225.0.0.222:34997]...
JobSystem: Creating JobQueue using job-worker-count value 5
[Physics::Module] Initialized fallback backend.
[Physics::Module] Id: 0xdecafbad
Library Redirect Path: Library/
[Physics::Module] Selected backend.
[Physics::Module] Name: PhysX
[Physics::Module] Id: 0xf2b8ea05
[Physics::Module] SDK Version: 4.1.2
[Physics::Module] Integration Version: 1.0.0
[Physics::Module] Threading Mode: Multi-Threaded
Refreshing native plugins compatible for Editor in 9.32 ms, found 1 plugins.
Preloading 0 native plugins for Editor in 0.00 ms.
Initialize engine version: 6000.0.27f1 (27c554a2199c)
[Subsystems] Discovering subsystems at path C:/Program Files/Unity/Hub/Editor/6000.0.27f1/Editor/Data/Resources/UnitySubsystems
[Subsystems] Discovering subsystems at path D:/Progetti Unity/FoxAndCoins/Assets
GfxDevice: creating device client; kGfxThreadingModeNonThreaded
Direct3D:
    Version:  Direct3D 11.0 [level 11.1]
    Renderer: NVIDIA GeForce GTX 1650 Ti (ID=0x1f95)
    Vendor:   NVIDIA
    VRAM:     3935 MB
    Driver:   32.0.15.5597
Initialize mono
Mono path[0] = 'C:/Program Files/Unity/Hub/Editor/6000.0.27f1/Editor/Data/Managed'
Mono path[1] = 'C:/Program Files/Unity/Hub/Editor/6000.0.27f1/Editor/Data/MonoBleedingEdge/lib/mono/unityjit-win32'
Mono config path = 'C:/Program Files/Unity/Hub/Editor/6000.0.27f1/Editor/Data/MonoBleedingEdge/etc'
Using monoOptions --debugger-agent=transport=dt_socket,embedding=1,server=y,suspend=n,address=127.0.0.1:56044
Begin MonoManager ReloadAssembly
Registering precompiled unity dll's ...
Register platform support module: C:/Program Files/Unity/Hub/Editor/6000.0.27f1/Editor/Data/PlaybackEngines/WebGLSupport/UnityEditor.WebGL.Extensions.dll
Register platform support module: C:/Program Files/Unity/Hub/Editor/6000.0.27f1/Editor/Data/PlaybackEngines/WindowsStandaloneSupport/UnityEditor.WindowsStandalone.Extensions.dll
Register platform support module: C:/Program Files/Unity/Hub/Editor/6000.0.27f1/Editor/Data/PlaybackEngines/AndroidPlayer/UnityEditor.Android.Extensions.dll
Register platform support module: C:/Program Files/Unity/Hub/Editor/6000.0.27f1/Editor/Data/PlaybackEngines/iOSSupport/UnityEditor.iOS.Extensions.dll
Registered in 0.006110 seconds.
- Loaded All Assemblies, in  0.434 seconds
[usbmuxd] Start listen thread
[usbmuxd] Listen thread started
Native extension for iOS target not found
Native extension for Android target not found
Android Extension - Scanning For ADB Devices 207 ms
Native extension for WindowsStandalone target not found
Native extension for WebGL target not found
Mono: successfully reloaded assembly
- Finished resetting the current domain, in  0.623 seconds
Domain Reload Profiling: 1055ms
	BeginReloadAssembly (140ms)
		ExecutionOrderSort (0ms)
		DisableScriptedObjects (0ms)
		BackupInstance (0ms)
		ReleaseScriptingObjects (0ms)
		CreateAndSetChildDomain (1ms)
	RebuildCommonClasses (39ms)
	RebuildNativeTypeToScriptingClass (12ms)
	initialDomainReloadingComplete (56ms)
	LoadAllAssembliesAndSetupDomain (184ms)
		LoadAssemblies (137ms)
		RebuildTransferFunctionScriptingTraits (0ms)
		AnalyzeDomain (180ms)
			TypeCache.Refresh (179ms)
				TypeCache.ScanAssembly (165ms)
			BuildScriptInfoCaches (0ms)
			ResolveRequiredComponents (0ms)
	FinalizeReload (624ms)
		ReleaseScriptCaches (0ms)
		RebuildScriptCaches (0ms)
		SetupLoadedEditorAssemblies (583ms)
			LogAssemblyErrors (0ms)
			InitializePlatformSupportModulesInManaged (325ms)
			SetLoadedEditorAssemblies (3ms)
			BeforeProcessingInitializeOnLoad (7ms)
			ProcessInitializeOnLoadAttributes (169ms)
			ProcessInitializeOnLoadMethodAttributes (76ms)
			AfterProcessingInitializeOnLoad (3ms)
			EditorAssembliesLoaded (0ms)
		ExecutionOrderSort2 (0ms)
		AwakeInstancesAfterBackupRestoration (0ms)
========================================================================
Worker process is ready to serve import requests
Import Worker Mode flag is 0x00
Begin MonoManager ReloadAssembly
- Loaded All Assemblies, in  0.797 seconds
Refreshing native plugins compatible for Editor in 8.16 ms, found 1 plugins.
Native extension for iOS target not found
Native extension for Android target not found
Native extension for WindowsStandalone target not found
Native extension for WebGL target not found
Mono: successfully reloaded assembly
- Finished resetting the current domain, in  0.595 seconds
Domain Reload Profiling: 1388ms
	BeginReloadAssembly (403ms)
		ExecutionOrderSort (0ms)
		DisableScriptedObjects (7ms)
		BackupInstance (0ms)
		ReleaseScriptingObjects (0ms)
		CreateAndSetChildDomain (33ms)
	RebuildCommonClasses (37ms)
	RebuildNativeTypeToScriptingClass (13ms)
	initialDomainReloadingComplete (41ms)
	LoadAllAssembliesAndSetupDomain (299ms)
		LoadAssemblies (292ms)
		RebuildTransferFunctionScriptingTraits (0ms)
		AnalyzeDomain (108ms)
			TypeCache.Refresh (78ms)
				TypeCache.ScanAssembly (65ms)
			BuildScriptInfoCaches (23ms)
			ResolveRequiredComponents (4ms)
	FinalizeReload (595ms)
		ReleaseScriptCaches (0ms)
		RebuildScriptCaches (0ms)
		SetupLoadedEditorAssemblies (362ms)
			LogAssemblyErrors (0ms)
			InitializePlatformSupportModulesInManaged (19ms)
			SetLoadedEditorAssemblies (3ms)
			BeforeProcessingInitializeOnLoad (36ms)
			ProcessInitializeOnLoadAttributes (247ms)
			ProcessInitializeOnLoadMethodAttributes (47ms)
			AfterProcessingInitializeOnLoad (9ms)
			EditorAssembliesLoaded (0ms)
		ExecutionOrderSort2 (0ms)
		AwakeInstancesAfterBackupRestoration (6ms)
Launched and connected shader compiler UnityShaderCompiler.exe after 0.01 seconds
Refreshing native plugins compatible for Editor in 7.48 ms, found 1 plugins.
Preloading 0 native plugins for Editor in 0.00 ms.
Unloading 14 Unused Serialized files (Serialized files now loaded: 0)
Unloading 2172 unused Assets / (1.0 MB). Loaded Objects now: 2718.
Memory consumption went from 106.9 MB to 105.9 MB.
Total: 5.300300 ms (FindLiveObjects: 0.258200 ms CreateObjectMapping: 0.183800 ms MarkObjects: 4.119300 ms  DeleteObjects: 0.736900 ms)

========================================================================
Received Import Request.
  Time since last request: 241105.833431 seconds.
  path: Assets/RESKIN/LEVELS/LEVEL 5 CASTLE INTERIOR/L5 CASTLE INTERIOR SFX/L5 KNIGHT 1 SWORD ATTACK.wav
  artifactKey: Guid(2fc92714dedf8ad458758f7911ecfb39) Importer(815301076,1909f56bfc062723c751e8b465ee728b)
Start importing Assets/RESKIN/LEVELS/LEVEL 5 CASTLE INTERIOR/L5 CASTLE INTERIOR SFX/L5 KNIGHT 1 SWORD ATTACK.wav using Guid(2fc92714dedf8ad458758f7911ecfb39) Importer(815301076,1909f56bfc062723c751e8b465ee728b) (PreviewImporter) -> (artifact id: 'd9989a91128385751c43f81ef8c6a0bd') in 0.1095318 seconds
Number of updated asset objects reloaded before import = 0Number of asset objects unloaded after import = 2

========================================================================
Received Import Request.
  Time since last request: 0.000017 seconds.
  path: Assets/RESKIN/LEVELS/LEVEL 5 CASTLE INTERIOR/L5 CASTLE INTERIOR SFX/L5 KNIGHT 2 SWORD ATTACK.wav
  artifactKey: Guid(f2e152d47eb41544199d89469f1d8239) Importer(815301076,1909f56bfc062723c751e8b465ee728b)
Start importing Assets/RESKIN/LEVELS/LEVEL 5 CASTLE INTERIOR/L5 CASTLE INTERIOR SFX/L5 KNIGHT 2 SWORD ATTACK.wav using Guid(f2e152d47eb41544199d89469f1d8239) Importer(815301076,1909f56bfc062723c751e8b465ee728b) (PreviewImporter) -> (artifact id: '261acfebeeb67da4cddb0796c2e93c15') in 0.013965 seconds
Number of updated asset objects reloaded before import = 0Number of asset objects unloaded after import = 2

========================================================================
Received Import Request.
  Time since last request: 38.826287 seconds.
  path: Assets/RESKIN/LEVELS/LEVEL 5 CASTLE INTERIOR/L5 CASTLE INTERIOR/Megacastlepack--1v508h952z1s0a7x34/tiles/dark_grey/inner_bottom_right_grey.png
  artifactKey: Guid(f1c679b626ed4a44fb434f62ede8526c) Importer(815301076,1909f56bfc062723c751e8b465ee728b)
Start importing Assets/RESKIN/LEVELS/LEVEL 5 CASTLE INTERIOR/L5 CASTLE INTERIOR/Megacastlepack--1v508h952z1s0a7x34/tiles/dark_grey/inner_bottom_right_grey.png using Guid(f1c679b626ed4a44fb434f62ede8526c) Importer(815301076,1909f56bfc062723c751e8b465ee728b) (PreviewImporter) -> (artifact id: '1b98e05c3c312572b862a516666b124d') in 0.0726082 seconds
Number of updated asset objects reloaded before import = 0Number of asset objects unloaded after import = 3

========================================================================
Received Import Request.
  Time since last request: 0.000018 seconds.
  path: Assets/RESKIN/LEVELS/LEVEL 5 CASTLE INTERIOR/L5 CASTLE INTERIOR/Megacastlepack--1v508h952z1s0a7x34/tiles/dark_grey/inner_top_right_grey.png
  artifactKey: Guid(cb849b94a82eb4c4e821378b3ab29d9c) Importer(815301076,1909f56bfc062723c751e8b465ee728b)
Start importing Assets/RESKIN/LEVELS/LEVEL 5 CASTLE INTERIOR/L5 CASTLE INTERIOR/Megacastlepack--1v508h952z1s0a7x34/tiles/dark_grey/inner_top_right_grey.png using Guid(cb849b94a82eb4c4e821378b3ab29d9c) Importer(815301076,1909f56bfc062723c751e8b465ee728b) (PreviewImporter) -> (artifact id: 'cf5c64c90c6ce9e10cbf8194b4c445d8') in 0.0194643 seconds
Number of updated asset objects reloaded before import = 0Number of asset objects unloaded after import = 3

========================================================================
Received Import Request.
  Time since last request: 0.117938 seconds.
  path: Assets/RESKIN/LEVELS/LEVEL 5 CASTLE INTERIOR/L5 CASTLE INTERIOR/Megacastlepack--1v508h952z1s0a7x34/tiles/dark_grey/left_edge.png
  artifactKey: Guid(c515bda0694b930408a69e332d5e6401) Importer(815301076,1909f56bfc062723c751e8b465ee728b)
Start importing Assets/RESKIN/LEVELS/LEVEL 5 CASTLE INTERIOR/L5 CASTLE INTERIOR/Megacastlepack--1v508h952z1s0a7x34/tiles/dark_grey/left_edge.png using Guid(c515bda0694b930408a69e332d5e6401) Importer(815301076,1909f56bfc062723c751e8b465ee728b) (PreviewImporter) -> (artifact id: '02210ad7263bb8238128e519d9921cb3') in 0.0170302 seconds
Number of updated asset objects reloaded before import = 0Number of asset objects unloaded after import = 3

========================================================================
Received Import Request.
  Time since last request: 0.000018 seconds.
  path: Assets/RESKIN/LEVELS/LEVEL 5 CASTLE INTERIOR/L5 CASTLE INTERIOR/Megacastlepack--1v508h952z1s0a7x34/tiles/dark_grey/outer_top_left_grey.png
  artifactKey: Guid(374d4cb2ab1614f4f9041b5a73278d44) Importer(815301076,1909f56bfc062723c751e8b465ee728b)
Start importing Assets/RESKIN/LEVELS/LEVEL 5 CASTLE INTERIOR/L5 CASTLE INTERIOR/Megacastlepack--1v508h952z1s0a7x34/tiles/dark_grey/outer_top_left_grey.png using Guid(374d4cb2ab1614f4f9041b5a73278d44) Importer(815301076,1909f56bfc062723c751e8b465ee728b) (PreviewImporter) -> (artifact id: '3a86f7088f6d3c7bdf1e107c0539b6df') in 0.0330966 seconds
Number of updated asset objects reloaded before import = 0Number of asset objects unloaded after import = 3

========================================================================
Received Import Request.
  Time since last request: 6.549087 seconds.
  path: Assets/RESKIN/LEVELS/LEVEL 5 CASTLE INTERIOR/L5 CASTLE INTERIOR/Megacastlepack--1v508h952z1s0a7x34/tiles/dark_grey_no_brick/left_edge.png
  artifactKey: Guid(558b33a3b5b07d84fadfd6a9d80ccdca) Importer(815301076,1909f56bfc062723c751e8b465ee728b)
Start importing Assets/RESKIN/LEVELS/LEVEL 5 CASTLE INTERIOR/L5 CASTLE INTERIOR/Megacastlepack--1v508h952z1s0a7x34/tiles/dark_grey_no_brick/left_edge.png using Guid(558b33a3b5b07d84fadfd6a9d80ccdca) Importer(815301076,1909f56bfc062723c751e8b465ee728b) (PreviewImporter) -> (artifact id: 'f3accc7b70bb15f9bf039945860dd8d5') in 0.0258032 seconds
Number of updated asset objects reloaded before import = 0Number of asset objects unloaded after import = 3

========================================================================
Received Import Request.
  Time since last request: 0.004503 seconds.
  path: Assets/RESKIN/LEVELS/LEVEL 5 CASTLE INTERIOR/L5 CASTLE INTERIOR/Megacastlepack--1v508h952z1s0a7x34/tiles/dark_grey_no_brick/outer_bottom_left_dark_grey.png
  artifactKey: Guid(214271840ac672a49b7826dc78675ad8) Importer(815301076,1909f56bfc062723c751e8b465ee728b)
Start importing Assets/RESKIN/LEVELS/LEVEL 5 CASTLE INTERIOR/L5 CASTLE INTERIOR/Megacastlepack--1v508h952z1s0a7x34/tiles/dark_grey_no_brick/outer_bottom_left_dark_grey.png using Guid(214271840ac672a49b7826dc78675ad8) Importer(815301076,1909f56bfc062723c751e8b465ee728b) (PreviewImporter) -> (artifact id: 'b031cd2ebc1907cc10baa36d88b45dad') in 0.0138707 seconds
Number of updated asset objects reloaded before import = 0Number of asset objects unloaded after import = 3

========================================================================
Received Import Request.
  Time since last request: 0.004799 seconds.
  path: Assets/RESKIN/LEVELS/LEVEL 5 CASTLE INTERIOR/L5 CASTLE INTERIOR/Megacastlepack--1v508h952z1s0a7x34/tiles/dark_grey_no_brick/outer_bottom_right_dark_grey.png
  artifactKey: Guid(d501fdd38ea0bec42baa898b3117e5bd) Importer(815301076,1909f56bfc062723c751e8b465ee728b)
Start importing Assets/RESKIN/LEVELS/LEVEL 5 CASTLE INTERIOR/L5 CASTLE INTERIOR/Megacastlepack--1v508h952z1s0a7x34/tiles/dark_grey_no_brick/outer_bottom_right_dark_grey.png using Guid(d501fdd38ea0bec42baa898b3117e5bd) Importer(815301076,1909f56bfc062723c751e8b465ee728b) (PreviewImporter) -> (artifact id: 'b29e71b96977b750d4b10314fee87d65') in 0.0223833 seconds
Number of updated asset objects reloaded before import = 0Number of asset objects unloaded after import = 3

========================================================================
Received Import Request.
  Time since last request: 0.003582 seconds.
  path: Assets/RESKIN/LEVELS/LEVEL 5 CASTLE INTERIOR/L5 CASTLE INTERIOR/Megacastlepack--1v508h952z1s0a7x34/tiles/dark_grey_no_brick/outer_top_left_dark_grey.png
  artifactKey: Guid(c98388b4e8b72324e8316c640d50f214) Importer(815301076,1909f56bfc062723c751e8b465ee728b)
Start importing Assets/RESKIN/LEVELS/LEVEL 5 CASTLE INTERIOR/L5 CASTLE INTERIOR/Megacastlepack--1v508h952z1s0a7x34/tiles/dark_grey_no_brick/outer_top_left_dark_grey.png using Guid(c98388b4e8b72324e8316c640d50f214) Importer(815301076,1909f56bfc062723c751e8b465ee728b) (PreviewImporter) -> (artifact id: '376534c33c99d345d93f5cb1fafb4a0f') in 0.0175598 seconds
Number of updated asset objects reloaded before import = 0Number of asset objects unloaded after import = 3

========================================================================
Received Import Request.
  Time since last request: 14.147130 seconds.
  path: Assets/RESKIN/LEVELS/LEVEL 5 CASTLE INTERIOR/L5 CASTLE INTERIOR/Megacastlepack--1v508h952z1s0a7x34/tiles/dark_grey/outer_top_right_grey.png
  artifactKey: Guid(4fab1c512e27daa42874b40370f8b5a2) Importer(815301076,1909f56bfc062723c751e8b465ee728b)
Start importing Assets/RESKIN/LEVELS/LEVEL 5 CASTLE INTERIOR/L5 CASTLE INTERIOR/Megacastlepack--1v508h952z1s0a7x34/tiles/dark_grey/outer_top_right_grey.png using Guid(4fab1c512e27daa42874b40370f8b5a2) Importer(815301076,1909f56bfc062723c751e8b465ee728b) (PreviewImporter) -> (artifact id: 'ee34bbe29f317929a6dc5652293f4dcb') in 0.0225198 seconds
Number of updated asset objects reloaded before import = 0Number of asset objects unloaded after import = 3

========================================================================
Received Import Request.
  Time since last request: 0.020697 seconds.
  path: Assets/RESKIN/LEVELS/LEVEL 5 CASTLE INTERIOR/L5 CASTLE INTERIOR/Megacastlepack--1v508h952z1s0a7x34/tiles/dark_grey/platform_left_grey.png
  artifactKey: Guid(642634c712809cf4fad32b61465c88bc) Importer(815301076,1909f56bfc062723c751e8b465ee728b)
Start importing Assets/RESKIN/LEVELS/LEVEL 5 CASTLE INTERIOR/L5 CASTLE INTERIOR/Megacastlepack--1v508h952z1s0a7x34/tiles/dark_grey/platform_left_grey.png using Guid(642634c712809cf4fad32b61465c88bc) Importer(815301076,1909f56bfc062723c751e8b465ee728b) (PreviewImporter) -> (artifact id: 'c2c6f91d577bff42a71e120a14787953') in 0.0223357 seconds
Number of updated asset objects reloaded before import = 0Number of asset objects unloaded after import = 3

========================================================================
Received Import Request.
  Time since last request: 0.000028 seconds.
  path: Assets/RESKIN/LEVELS/LEVEL 5 CASTLE INTERIOR/L5 CASTLE INTERIOR/Megacastlepack--1v508h952z1s0a7x34/tiles/dark_grey/shallow_hill_left_03_grey.png
  artifactKey: Guid(630fad4dc8912674e86fc8390f70a6d5) Importer(815301076,1909f56bfc062723c751e8b465ee728b)
Start importing Assets/RESKIN/LEVELS/LEVEL 5 CASTLE INTERIOR/L5 CASTLE INTERIOR/Megacastlepack--1v508h952z1s0a7x34/tiles/dark_grey/shallow_hill_left_03_grey.png using Guid(630fad4dc8912674e86fc8390f70a6d5) Importer(815301076,1909f56bfc062723c751e8b465ee728b) (PreviewImporter) -> (artifact id: 'a921df884b69b4b83f0797e9c5146241') in 0.027304 seconds
Number of updated asset objects reloaded before import = 0Number of asset objects unloaded after import = 3

========================================================================
Received Import Request.
  Time since last request: 0.000036 seconds.
  path: Assets/RESKIN/LEVELS/LEVEL 5 CASTLE INTERIOR/L5 CASTLE INTERIOR/Megacastlepack--1v508h952z1s0a7x34/tiles/dark_grey/shallow_hill_left_02_grey.png
  artifactKey: Guid(f4e4130f9cbbb354ba9e35c76b77032e) Importer(815301076,1909f56bfc062723c751e8b465ee728b)
Start importing Assets/RESKIN/LEVELS/LEVEL 5 CASTLE INTERIOR/L5 CASTLE INTERIOR/Megacastlepack--1v508h952z1s0a7x34/tiles/dark_grey/shallow_hill_left_02_grey.png using Guid(f4e4130f9cbbb354ba9e35c76b77032e) Importer(815301076,1909f56bfc062723c751e8b465ee728b) (PreviewImporter) -> (artifact id: '09cf914722668ba08f05aef0d2da16a4') in 0.0200643 seconds
Number of updated asset objects reloaded before import = 0Number of asset objects unloaded after import = 3

========================================================================
Received Import Request.
  Time since last request: 0.610880 seconds.
  path: Assets/RESKIN/LEVELS/LEVEL 5 CASTLE INTERIOR/L5 CASTLE INTERIOR/Megacastlepack--1v508h952z1s0a7x34/tiles/dark_grey/shallow_hill_right_01_grey.png
  artifactKey: Guid(5cc26834c4f82384fbc20a3ce4f89643) Importer(815301076,1909f56bfc062723c751e8b465ee728b)
Start importing Assets/RESKIN/LEVELS/LEVEL 5 CASTLE INTERIOR/L5 CASTLE INTERIOR/Megacastlepack--1v508h952z1s0a7x34/tiles/dark_grey/shallow_hill_right_01_grey.png using Guid(5cc26834c4f82384fbc20a3ce4f89643) Importer(815301076,1909f56bfc062723c751e8b465ee728b) (PreviewImporter) -> (artifact id: 'e23fb975efecd417e34bc4315e54b3f6') in 0.0184414 seconds
Number of updated asset objects reloaded before import = 0Number of asset objects unloaded after import = 3

========================================================================
Received Import Request.
  Time since last request: 0.000139 seconds.
  path: Assets/RESKIN/LEVELS/LEVEL 5 CASTLE INTERIOR/L5 CASTLE INTERIOR/Megacastlepack--1v508h952z1s0a7x34/tiles/dark_grey/shallow_hill_right_03_grey.png
  artifactKey: Guid(8abb0760e18153845960c46d67abf692) Importer(815301076,1909f56bfc062723c751e8b465ee728b)
Start importing Assets/RESKIN/LEVELS/LEVEL 5 CASTLE INTERIOR/L5 CASTLE INTERIOR/Megacastlepack--1v508h952z1s0a7x34/tiles/dark_grey/shallow_hill_right_03_grey.png using Guid(8abb0760e18153845960c46d67abf692) Importer(815301076,1909f56bfc062723c751e8b465ee728b) (PreviewImporter) -> (artifact id: 'c00f73df594c1edf0761145bee1ffced') in 0.0178323 seconds
Number of updated asset objects reloaded before import = 0Number of asset objects unloaded after import = 3

========================================================================
Received Import Request.
  Time since last request: 0.006220 seconds.
  path: Assets/RESKIN/LEVELS/LEVEL 5 CASTLE INTERIOR/L5 CASTLE INTERIOR/Megacastlepack--1v508h952z1s0a7x34/tiles/dark_grey/single_pillar_base_grey.png
  artifactKey: Guid(4f28e19b11625fc43b76d0c48fd89586) Importer(815301076,1909f56bfc062723c751e8b465ee728b)
Start importing Assets/RESKIN/LEVELS/LEVEL 5 CASTLE INTERIOR/L5 CASTLE INTERIOR/Megacastlepack--1v508h952z1s0a7x34/tiles/dark_grey/single_pillar_base_grey.png using Guid(4f28e19b11625fc43b76d0c48fd89586) Importer(815301076,1909f56bfc062723c751e8b465ee728b) (PreviewImporter) -> (artifact id: '61a2b57defc84a67ca34beb84eb99d1d') in 0.0184909 seconds
Number of updated asset objects reloaded before import = 0Number of asset objects unloaded after import = 3

========================================================================
Received Import Request.
  Time since last request: 0.013857 seconds.
  path: Assets/RESKIN/LEVELS/LEVEL 5 CASTLE INTERIOR/L5 CASTLE INTERIOR/Megacastlepack--1v508h952z1s0a7x34/tiles/dark_grey/single_pillar_center_02.png
  artifactKey: Guid(bc2522d4d1a875d41a08e0804cbafada) Importer(815301076,1909f56bfc062723c751e8b465ee728b)
Start importing Assets/RESKIN/LEVELS/LEVEL 5 CASTLE INTERIOR/L5 CASTLE INTERIOR/Megacastlepack--1v508h952z1s0a7x34/tiles/dark_grey/single_pillar_center_02.png using Guid(bc2522d4d1a875d41a08e0804cbafada) Importer(815301076,1909f56bfc062723c751e8b465ee728b) (PreviewImporter) -> (artifact id: 'b085bfdb373c1aad5b3db9e1c0168c94') in 0.0208583 seconds
Number of updated asset objects reloaded before import = 0Number of asset objects unloaded after import = 3

========================================================================
Received Import Request.
  Time since last request: 0.000067 seconds.
  path: Assets/RESKIN/LEVELS/LEVEL 5 CASTLE INTERIOR/L5 CASTLE INTERIOR/Megacastlepack--1v508h952z1s0a7x34/tiles/dark_grey/single_pillar_end_grey.png
  artifactKey: Guid(0d2d0524dc6d86c4bad2747ed67341ed) Importer(815301076,1909f56bfc062723c751e8b465ee728b)
Start importing Assets/RESKIN/LEVELS/LEVEL 5 CASTLE INTERIOR/L5 CASTLE INTERIOR/Megacastlepack--1v508h952z1s0a7x34/tiles/dark_grey/single_pillar_end_grey.png using Guid(0d2d0524dc6d86c4bad2747ed67341ed) Importer(815301076,1909f56bfc062723c751e8b465ee728b) (PreviewImporter) -> (artifact id: '07d86f607ce123a88823ca2ce4c22c16') in 0.0168991 seconds
Number of updated asset objects reloaded before import = 0Number of asset objects unloaded after import = 3

========================================================================
Received Import Request.
  Time since last request: 0.000047 seconds.
  path: Assets/RESKIN/LEVELS/LEVEL 5 CASTLE INTERIOR/L5 CASTLE INTERIOR/Megacastlepack--1v508h952z1s0a7x34/tiles/dark_grey/steep_hill_right_01_grey.png
  artifactKey: Guid(2f630322cd38fc048a6c558edfed1e2e) Importer(815301076,1909f56bfc062723c751e8b465ee728b)
Start importing Assets/RESKIN/LEVELS/LEVEL 5 CASTLE INTERIOR/L5 CASTLE INTERIOR/Megacastlepack--1v508h952z1s0a7x34/tiles/dark_grey/steep_hill_right_01_grey.png using Guid(2f630322cd38fc048a6c558edfed1e2e) Importer(815301076,1909f56bfc062723c751e8b465ee728b) (PreviewImporter) -> (artifact id: '6c884626f6774f99171f42b1ebda7acb') in 0.0170259 seconds
Number of updated asset objects reloaded before import = 0Number of asset objects unloaded after import = 3

========================================================================
Received Import Request.
  Time since last request: 0.011620 seconds.
  path: Assets/RESKIN/LEVELS/LEVEL 5 CASTLE INTERIOR/L5 CASTLE INTERIOR/Megacastlepack--1v508h952z1s0a7x34/tiles/dark_grey/steep_hill_right_02_grey.png
  artifactKey: Guid(d3533a7a3a6ecc34f8d7e3e568c3c302) Importer(815301076,1909f56bfc062723c751e8b465ee728b)
Start importing Assets/RESKIN/LEVELS/LEVEL 5 CASTLE INTERIOR/L5 CASTLE INTERIOR/Megacastlepack--1v508h952z1s0a7x34/tiles/dark_grey/steep_hill_right_02_grey.png using Guid(d3533a7a3a6ecc34f8d7e3e568c3c302) Importer(815301076,1909f56bfc062723c751e8b465ee728b) (PreviewImporter) -> (artifact id: '289824fab16d3bccefa42d3a4dc87d3b') in 0.0531909 seconds
Number of updated asset objects reloaded before import = 0Number of asset objects unloaded after import = 3

========================================================================
Received Import Request.
  Time since last request: 0.000077 seconds.
  path: Assets/RESKIN/LEVELS/LEVEL 5 CASTLE INTERIOR/L5 CASTLE INTERIOR/Megacastlepack--1v508h952z1s0a7x34/tiles/dark_grey/top_03_grey.png
  artifactKey: Guid(d177d8132b8913f48a702affef4c50b6) Importer(815301076,1909f56bfc062723c751e8b465ee728b)
Start importing Assets/RESKIN/LEVELS/LEVEL 5 CASTLE INTERIOR/L5 CASTLE INTERIOR/Megacastlepack--1v508h952z1s0a7x34/tiles/dark_grey/top_03_grey.png using Guid(d177d8132b8913f48a702affef4c50b6) Importer(815301076,1909f56bfc062723c751e8b465ee728b) (PreviewImporter) -> (artifact id: '84c88cfa25ecaf7be785eefd40996746') in 0.0190402 seconds
Number of updated asset objects reloaded before import = 0Number of asset objects unloaded after import = 3

========================================================================
Received Import Request.
  Time since last request: 0.000087 seconds.
  path: Assets/RESKIN/LEVELS/LEVEL 5 CASTLE INTERIOR/L5 CASTLE INTERIOR/Megacastlepack--1v508h952z1s0a7x34/tiles/dark_grey/top_02_grey.png
  artifactKey: Guid(f10a743b68c329a4da7d88a17dab9b82) Importer(815301076,1909f56bfc062723c751e8b465ee728b)
Start importing Assets/RESKIN/LEVELS/LEVEL 5 CASTLE INTERIOR/L5 CASTLE INTERIOR/Megacastlepack--1v508h952z1s0a7x34/tiles/dark_grey/top_02_grey.png using Guid(f10a743b68c329a4da7d88a17dab9b82) Importer(815301076,1909f56bfc062723c751e8b465ee728b) (PreviewImporter) -> (artifact id: '6c60e9bc32a46f2d5cacefde9014d254') in 0.0168913 seconds
Number of updated asset objects reloaded before import = 0Number of asset objects unloaded after import = 3

========================================================================
Received Import Request.
  Time since last request: 24.391602 seconds.
  path: Assets/RESKIN/LEVELS/LEVEL 5 CASTLE INTERIOR/L5 CASTLE INTERIOR/Megacastlepack--1v508h952z1s0a7x34/tiles/light_grey_no_brick/outer_bottom_right_grey_light_grey.png
  artifactKey: Guid(083b571e31efab243854f2b9d8566b47) Importer(815301076,1909f56bfc062723c751e8b465ee728b)
Start importing Assets/RESKIN/LEVELS/LEVEL 5 CASTLE INTERIOR/L5 CASTLE INTERIOR/Megacastlepack--1v508h952z1s0a7x34/tiles/light_grey_no_brick/outer_bottom_right_grey_light_grey.png using Guid(083b571e31efab243854f2b9d8566b47) Importer(815301076,1909f56bfc062723c751e8b465ee728b) (PreviewImporter) -> (artifact id: '1f59274823379a579623515d42bb8856') in 0.0413031 seconds
Number of updated asset objects reloaded before import = 0Number of asset objects unloaded after import = 3

========================================================================
Received Import Request.
  Time since last request: 0.021485 seconds.
  path: Assets/RESKIN/LEVELS/LEVEL 5 CASTLE INTERIOR/L5 CASTLE INTERIOR/Megacastlepack--1v508h952z1s0a7x34/tiles/light_grey_no_brick/outer_top_right_grey_light_grey.png
  artifactKey: Guid(0f3fb060305c22343aa5c750363af1ad) Importer(815301076,1909f56bfc062723c751e8b465ee728b)
Start importing Assets/RESKIN/LEVELS/LEVEL 5 CASTLE INTERIOR/L5 CASTLE INTERIOR/Megacastlepack--1v508h952z1s0a7x34/tiles/light_grey_no_brick/outer_top_right_grey_light_grey.png using Guid(0f3fb060305c22343aa5c750363af1ad) Importer(815301076,1909f56bfc062723c751e8b465ee728b) (PreviewImporter) -> (artifact id: 'f5dd2b80e8f317dd00c4b1404946753d') in 0.0194136 seconds
Number of updated asset objects reloaded before import = 0Number of asset objects unloaded after import = 3

========================================================================
Received Import Request.
  Time since last request: 37.698910 seconds.
  path: Assets/RESKIN/LEVELS/LEVEL 5 CASTLE INTERIOR/L5 CASTLE INTERIOR/Megacastlepack--1v508h952z1s0a7x34/tiles/dark_grey/fill_01_grey.asset
  artifactKey: Guid(1f2c821f9177b5349be1050b222e2eee) Importer(815301076,1909f56bfc062723c751e8b465ee728b)
Start importing Assets/RESKIN/LEVELS/LEVEL 5 CASTLE INTERIOR/L5 CASTLE INTERIOR/Megacastlepack--1v508h952z1s0a7x34/tiles/dark_grey/fill_01_grey.asset using Guid(1f2c821f9177b5349be1050b222e2eee) Importer(815301076,1909f56bfc062723c751e8b465ee728b) (PreviewImporter) -> (artifact id: '2f3dec45a2ac7817c198461a752cc619') in 0.0205819 seconds
Number of updated asset objects reloaded before import = 0Number of asset objects unloaded after import = 3

========================================================================
Received Import Request.
  Time since last request: 0.000022 seconds.
  path: Assets/RESKIN/LEVELS/LEVEL 5 CASTLE INTERIOR/L5 CASTLE INTERIOR/Megacastlepack--1v508h952z1s0a7x34/tiles/dark_grey/fill_06_grey.asset
  artifactKey: Guid(683769191e989f844a66b3169a44d2f7) Importer(815301076,1909f56bfc062723c751e8b465ee728b)
Start importing Assets/RESKIN/LEVELS/LEVEL 5 CASTLE INTERIOR/L5 CASTLE INTERIOR/Megacastlepack--1v508h952z1s0a7x34/tiles/dark_grey/fill_06_grey.asset using Guid(683769191e989f844a66b3169a44d2f7) Importer(815301076,1909f56bfc062723c751e8b465ee728b) (PreviewImporter) -> (artifact id: 'd7fcca604ddfa92dd3603da713d4e160') in 0.0159602 seconds
Number of updated asset objects reloaded before import = 0Number of asset objects unloaded after import = 3

========================================================================
Received Import Request.
  Time since last request: 0.000045 seconds.
  path: Assets/RESKIN/LEVELS/LEVEL 5 CASTLE INTERIOR/L5 CASTLE INTERIOR/Megacastlepack--1v508h952z1s0a7x34/tiles/dark_grey/fill_03_grey.asset
  artifactKey: Guid(198cf3d972b4d7f4aa83a94d454ff5f2) Importer(815301076,1909f56bfc062723c751e8b465ee728b)
Start importing Assets/RESKIN/LEVELS/LEVEL 5 CASTLE INTERIOR/L5 CASTLE INTERIOR/Megacastlepack--1v508h952z1s0a7x34/tiles/dark_grey/fill_03_grey.asset using Guid(198cf3d972b4d7f4aa83a94d454ff5f2) Importer(815301076,1909f56bfc062723c751e8b465ee728b) (PreviewImporter) -> (artifact id: '7d90c5b62a4762c466c6c296e64d46e5') in 0.0166524 seconds
Number of updated asset objects reloaded before import = 0Number of asset objects unloaded after import = 3

========================================================================
Received Import Request.
  Time since last request: 69.110923 seconds.
  path: Assets/RESKIN/LEVELS/LEVEL 5 CASTLE INTERIOR/L5 CASTLE INTERIOR/Megacastlepack--1v508h952z1s0a7x34/tiles/dark_grey/inner_bottom_left_grey.asset
  artifactKey: Guid(fda5cea75b1d4164396e615a131cfde3) Importer(815301076,1909f56bfc062723c751e8b465ee728b)
Start importing Assets/RESKIN/LEVELS/LEVEL 5 CASTLE INTERIOR/L5 CASTLE INTERIOR/Megacastlepack--1v508h952z1s0a7x34/tiles/dark_grey/inner_bottom_left_grey.asset using Guid(fda5cea75b1d4164396e615a131cfde3) Importer(815301076,1909f56bfc062723c751e8b465ee728b) (PreviewImporter) -> (artifact id: '74675489ce9362e74f935f6d936c3b35') in 0.0163657 seconds
Number of updated asset objects reloaded before import = 0Number of asset objects unloaded after import = 3

========================================================================
Received Import Request.
  Time since last request: 0.110663 seconds.
  path: Assets/RESKIN/LEVELS/LEVEL 5 CASTLE INTERIOR/L5 CASTLE INTERIOR/Megacastlepack--1v508h952z1s0a7x34/tiles/dark_grey/inner_bottom_left_pass_trough_grey.asset
  artifactKey: Guid(610673a78876fe04f9098d5e8735c2b2) Importer(815301076,1909f56bfc062723c751e8b465ee728b)
Start importing Assets/RESKIN/LEVELS/LEVEL 5 CASTLE INTERIOR/L5 CASTLE INTERIOR/Megacastlepack--1v508h952z1s0a7x34/tiles/dark_grey/inner_bottom_left_pass_trough_grey.asset using Guid(610673a78876fe04f9098d5e8735c2b2) Importer(815301076,1909f56bfc062723c751e8b465ee728b) (PreviewImporter) -> (artifact id: 'b85adf9d134a999d720860fd9d663764') in 0.0157219 seconds
Number of updated asset objects reloaded before import = 0Number of asset objects unloaded after import = 3

========================================================================
Received Import Request.
  Time since last request: 154.337495 seconds.
  path: Assets/RESKIN/LEVELS/LEVEL 5 CASTLE INTERIOR/L5 CASTLE INTERIOR/Megacastlepack--1v508h952z1s0a7x34/tiles/dark_grey/bottom_edge_grey.png
  artifactKey: Guid(a90048b82a43a164b9411651746522d1) Importer(815301076,1909f56bfc062723c751e8b465ee728b)
Start importing Assets/RESKIN/LEVELS/LEVEL 5 CASTLE INTERIOR/L5 CASTLE INTERIOR/Megacastlepack--1v508h952z1s0a7x34/tiles/dark_grey/bottom_edge_grey.png using Guid(a90048b82a43a164b9411651746522d1) Importer(815301076,1909f56bfc062723c751e8b465ee728b) (PreviewImporter) -> (artifact id: 'f673a5e99cd0fa1581d7ec0d56ca7109') in 0.0166563 seconds
Number of updated asset objects reloaded before import = 0Number of asset objects unloaded after import = 3

========================================================================
Received Import Request.
  Time since last request: 0.035578 seconds.
  path: Assets/RESKIN/LEVELS/LEVEL 5 CASTLE INTERIOR/L5 CASTLE INTERIOR/Megacastlepack--1v508h952z1s0a7x34/tiles/dark_grey/fill_01_grey.png
  artifactKey: Guid(f34e55818920ceb42b5beb9504588170) Importer(815301076,1909f56bfc062723c751e8b465ee728b)
Start importing Assets/RESKIN/LEVELS/LEVEL 5 CASTLE INTERIOR/L5 CASTLE INTERIOR/Megacastlepack--1v508h952z1s0a7x34/tiles/dark_grey/fill_01_grey.png using Guid(f34e55818920ceb42b5beb9504588170) Importer(815301076,1909f56bfc062723c751e8b465ee728b) (PreviewImporter) -> (artifact id: 'e3973a7a97c087f8c6163bc34833f3ba') in 0.0206743 seconds
Number of updated asset objects reloaded before import = 0Number of asset objects unloaded after import = 3

========================================================================
Received Import Request.
  Time since last request: 0.000045 seconds.
  path: Assets/RESKIN/LEVELS/LEVEL 5 CASTLE INTERIOR/L5 CASTLE INTERIOR/Megacastlepack--1v508h952z1s0a7x34/tiles/dark_grey/inner_bottom_right_grey.png
  artifactKey: Guid(f1c679b626ed4a44fb434f62ede8526c) Importer(815301076,1909f56bfc062723c751e8b465ee728b)
Start importing Assets/RESKIN/LEVELS/LEVEL 5 CASTLE INTERIOR/L5 CASTLE INTERIOR/Megacastlepack--1v508h952z1s0a7x34/tiles/dark_grey/inner_bottom_right_grey.png using Guid(f1c679b626ed4a44fb434f62ede8526c) Importer(815301076,1909f56bfc062723c751e8b465ee728b) (PreviewImporter) -> (artifact id: 'a76a18245bb2dba4be4f8290e44ff470') in 0.0218976 seconds
Number of updated asset objects reloaded before import = 0Number of asset objects unloaded after import = 3

========================================================================
Received Import Request.
  Time since last request: 0.000186 seconds.
  path: Assets/RESKIN/LEVELS/LEVEL 5 CASTLE INTERIOR/L5 CASTLE INTERIOR/Megacastlepack--1v508h952z1s0a7x34/tiles/dark_grey/inner_bottom_left_grey.png
  artifactKey: Guid(7fbe51959ab20aa48af2e27314018b4c) Importer(815301076,1909f56bfc062723c751e8b465ee728b)
Start importing Assets/RESKIN/LEVELS/LEVEL 5 CASTLE INTERIOR/L5 CASTLE INTERIOR/Megacastlepack--1v508h952z1s0a7x34/tiles/dark_grey/inner_bottom_left_grey.png using Guid(7fbe51959ab20aa48af2e27314018b4c) Importer(815301076,1909f56bfc062723c751e8b465ee728b) (PreviewImporter) -> (artifact id: '4c2fab44034bab70ccc2c795afb1673b') in 0.0263356 seconds
Number of updated asset objects reloaded before import = 0Number of asset objects unloaded after import = 3

========================================================================
Received Import Request.
  Time since last request: 0.000152 seconds.
  path: Assets/RESKIN/LEVELS/LEVEL 5 CASTLE INTERIOR/L5 CASTLE INTERIOR/Megacastlepack--1v508h952z1s0a7x34/tiles/dark_grey/inner_bottom_right_pass_trough_grey.png
  artifactKey: Guid(e874ca8e3b677d549ab799cb39b2e000) Importer(815301076,1909f56bfc062723c751e8b465ee728b)
Start importing Assets/RESKIN/LEVELS/LEVEL 5 CASTLE INTERIOR/L5 CASTLE INTERIOR/Megacastlepack--1v508h952z1s0a7x34/tiles/dark_grey/inner_bottom_right_pass_trough_grey.png using Guid(e874ca8e3b677d549ab799cb39b2e000) Importer(815301076,1909f56bfc062723c751e8b465ee728b) (PreviewImporter) -> (artifact id: '674ab914e18ea9fbb2db9a93ebd11411') in 0.0209511 seconds
Number of updated asset objects reloaded before import = 0Number of asset objects unloaded after import = 3

========================================================================
Received Import Request.
  Time since last request: 0.000069 seconds.
  path: Assets/RESKIN/LEVELS/LEVEL 5 CASTLE INTERIOR/L5 CASTLE INTERIOR/Megacastlepack--1v508h952z1s0a7x34/tiles/dark_grey/fill_03_grey.png
  artifactKey: Guid(449678dfecfd9fb4a8c7cbe447505b67) Importer(815301076,1909f56bfc062723c751e8b465ee728b)
Start importing Assets/RESKIN/LEVELS/LEVEL 5 CASTLE INTERIOR/L5 CASTLE INTERIOR/Megacastlepack--1v508h952z1s0a7x34/tiles/dark_grey/fill_03_grey.png using Guid(449678dfecfd9fb4a8c7cbe447505b67) Importer(815301076,1909f56bfc062723c751e8b465ee728b) (PreviewImporter) -> (artifact id: 'eea94c8c85066e8fe09f76659ea389ac') in 0.0231605 seconds
Number of updated asset objects reloaded before import = 0Number of asset objects unloaded after import = 3

========================================================================
Received Import Request.
  Time since last request: 0.000053 seconds.
  path: Assets/RESKIN/LEVELS/LEVEL 5 CASTLE INTERIOR/L5 CASTLE INTERIOR/Megacastlepack--1v508h952z1s0a7x34/tiles/dark_grey/inner_top_left_grey.png
  artifactKey: Guid(a5d203f27428d7c4e96b951b114d3bda) Importer(815301076,1909f56bfc062723c751e8b465ee728b)
Start importing Assets/RESKIN/LEVELS/LEVEL 5 CASTLE INTERIOR/L5 CASTLE INTERIOR/Megacastlepack--1v508h952z1s0a7x34/tiles/dark_grey/inner_top_left_grey.png using Guid(a5d203f27428d7c4e96b951b114d3bda) Importer(815301076,1909f56bfc062723c751e8b465ee728b) (PreviewImporter) -> (artifact id: '5118256e10184768b716e8b29a9e2d56') in 0.0236452 seconds
Number of updated asset objects reloaded before import = 0Number of asset objects unloaded after import = 3

========================================================================
Received Import Request.
  Time since last request: 11.717804 seconds.
  path: Assets/RESKIN/LEVELS/LEVEL 5 CASTLE INTERIOR/L5 CASTLE INTERIOR/Megacastlepack--1v508h952z1s0a7x34/tiles/dark_grey/bottom_edge_grey.png
  artifactKey: Guid(a90048b82a43a164b9411651746522d1) Importer(815301076,1909f56bfc062723c751e8b465ee728b)
Start importing Assets/RESKIN/LEVELS/LEVEL 5 CASTLE INTERIOR/L5 CASTLE INTERIOR/Megacastlepack--1v508h952z1s0a7x34/tiles/dark_grey/bottom_edge_grey.png using Guid(a90048b82a43a164b9411651746522d1) Importer(815301076,1909f56bfc062723c751e8b465ee728b) (PreviewImporter) -> (artifact id: '584d9d3c2a14cc228eb012a456602c40') in 0.0101592 seconds
Number of updated asset objects reloaded before import = 0Number of asset objects unloaded after import = 3

========================================================================
Received Import Request.
  Time since last request: 0.035476 seconds.
  path: Assets/RESKIN/LEVELS/LEVEL 5 CASTLE INTERIOR/L5 CASTLE INTERIOR/Megacastlepack--1v508h952z1s0a7x34/tiles/dark_grey/fill_01_grey.png
  artifactKey: Guid(f34e55818920ceb42b5beb9504588170) Importer(815301076,1909f56bfc062723c751e8b465ee728b)
Start importing Assets/RESKIN/LEVELS/LEVEL 5 CASTLE INTERIOR/L5 CASTLE INTERIOR/Megacastlepack--1v508h952z1s0a7x34/tiles/dark_grey/fill_01_grey.png using Guid(f34e55818920ceb42b5beb9504588170) Importer(815301076,1909f56bfc062723c751e8b465ee728b) (PreviewImporter) -> (artifact id: '336e5a8f93f6717c7e3addc8280ea243') in 0.0115155 seconds
Number of updated asset objects reloaded before import = 0Number of asset objects unloaded after import = 3

========================================================================
Received Import Request.
  Time since last request: 0.000024 seconds.
  path: Assets/RESKIN/LEVELS/LEVEL 5 CASTLE INTERIOR/L5 CASTLE INTERIOR/Megacastlepack--1v508h952z1s0a7x34/tiles/dark_grey/inner_bottom_right_grey.png
  artifactKey: Guid(f1c679b626ed4a44fb434f62ede8526c) Importer(815301076,1909f56bfc062723c751e8b465ee728b)
Start importing Assets/RESKIN/LEVELS/LEVEL 5 CASTLE INTERIOR/L5 CASTLE INTERIOR/Megacastlepack--1v508h952z1s0a7x34/tiles/dark_grey/inner_bottom_right_grey.png using Guid(f1c679b626ed4a44fb434f62ede8526c) Importer(815301076,1909f56bfc062723c751e8b465ee728b) (PreviewImporter) -> (artifact id: '931e04d6e7e06de20d57a5bb77328600') in 0.0187665 seconds
Number of updated asset objects reloaded before import = 0Number of asset objects unloaded after import = 3

========================================================================
Received Import Request.
  Time since last request: 0.000037 seconds.
  path: Assets/RESKIN/LEVELS/LEVEL 5 CASTLE INTERIOR/L5 CASTLE INTERIOR/Megacastlepack--1v508h952z1s0a7x34/tiles/dark_grey/inner_bottom_left_grey.png
  artifactKey: Guid(7fbe51959ab20aa48af2e27314018b4c) Importer(815301076,1909f56bfc062723c751e8b465ee728b)
Start importing Assets/RESKIN/LEVELS/LEVEL 5 CASTLE INTERIOR/L5 CASTLE INTERIOR/Megacastlepack--1v508h952z1s0a7x34/tiles/dark_grey/inner_bottom_left_grey.png using Guid(7fbe51959ab20aa48af2e27314018b4c) Importer(815301076,1909f56bfc062723c751e8b465ee728b) (PreviewImporter) -> (artifact id: '412339e04f8e33cbeba33d43091ecefc') in 0.0210195 seconds
Number of updated asset objects reloaded before import = 0Number of asset objects unloaded after import = 3

========================================================================
Received Import Request.
  Time since last request: 0.000026 seconds.
  path: Assets/RESKIN/LEVELS/LEVEL 5 CASTLE INTERIOR/L5 CASTLE INTERIOR/Megacastlepack--1v508h952z1s0a7x34/tiles/dark_grey/inner_bottom_right_pass_trough_grey.png
  artifactKey: Guid(e874ca8e3b677d549ab799cb39b2e000) Importer(815301076,1909f56bfc062723c751e8b465ee728b)
Start importing Assets/RESKIN/LEVELS/LEVEL 5 CASTLE INTERIOR/L5 CASTLE INTERIOR/Megacastlepack--1v508h952z1s0a7x34/tiles/dark_grey/inner_bottom_right_pass_trough_grey.png using Guid(e874ca8e3b677d549ab799cb39b2e000) Importer(815301076,1909f56bfc062723c751e8b465ee728b) (PreviewImporter) -> (artifact id: 'a6b1c547019be1d492cd3092e13cd94d') in 0.02196 seconds
Number of updated asset objects reloaded before import = 0Number of asset objects unloaded after import = 3

========================================================================
Received Import Request.
  Time since last request: 0.000033 seconds.
  path: Assets/RESKIN/LEVELS/LEVEL 5 CASTLE INTERIOR/L5 CASTLE INTERIOR/Megacastlepack--1v508h952z1s0a7x34/tiles/dark_grey/inner_top_left_grey.png
  artifactKey: Guid(a5d203f27428d7c4e96b951b114d3bda) Importer(815301076,1909f56bfc062723c751e8b465ee728b)
Start importing Assets/RESKIN/LEVELS/LEVEL 5 CASTLE INTERIOR/L5 CASTLE INTERIOR/Megacastlepack--1v508h952z1s0a7x34/tiles/dark_grey/inner_top_left_grey.png using Guid(a5d203f27428d7c4e96b951b114d3bda) Importer(815301076,1909f56bfc062723c751e8b465ee728b) (PreviewImporter) -> (artifact id: '0b490788733a4570a80f7d2899357682') in 0.018845 seconds
Number of updated asset objects reloaded before import = 0Number of asset objects unloaded after import = 3

========================================================================
Received Import Request.
  Time since last request: 5.526166 seconds.
  path: Assets/RESKIN/LEVELS/LEVEL 5 CASTLE INTERIOR/L5 CASTLE INTERIOR/Megacastlepack--1v508h952z1s0a7x34/tiles/dark_grey/bottom_edge_grey.png
  artifactKey: Guid(a90048b82a43a164b9411651746522d1) Importer(815301076,1909f56bfc062723c751e8b465ee728b)
Start importing Assets/RESKIN/LEVELS/LEVEL 5 CASTLE INTERIOR/L5 CASTLE INTERIOR/Megacastlepack--1v508h952z1s0a7x34/tiles/dark_grey/bottom_edge_grey.png using Guid(a90048b82a43a164b9411651746522d1) Importer(815301076,1909f56bfc062723c751e8b465ee728b) (PreviewImporter) -> (artifact id: '70ccbf0d52502677aa80cc667f401d01') in 0.0095494 seconds
Number of updated asset objects reloaded before import = 0Number of asset objects unloaded after import = 3

========================================================================
Received Import Request.
  Time since last request: 0.031111 seconds.
  path: Assets/RESKIN/LEVELS/LEVEL 5 CASTLE INTERIOR/L5 CASTLE INTERIOR/Megacastlepack--1v508h952z1s0a7x34/tiles/dark_grey/fill_01_grey.png
  artifactKey: Guid(f34e55818920ceb42b5beb9504588170) Importer(815301076,1909f56bfc062723c751e8b465ee728b)
Start importing Assets/RESKIN/LEVELS/LEVEL 5 CASTLE INTERIOR/L5 CASTLE INTERIOR/Megacastlepack--1v508h952z1s0a7x34/tiles/dark_grey/fill_01_grey.png using Guid(f34e55818920ceb42b5beb9504588170) Importer(815301076,1909f56bfc062723c751e8b465ee728b) (PreviewImporter) -> (artifact id: '387ac1f6e10689bfb291e02bcff1e172') in 0.012354 seconds
Number of updated asset objects reloaded before import = 0Number of asset objects unloaded after import = 3

========================================================================
Received Import Request.
  Time since last request: 0.000099 seconds.
  path: Assets/RESKIN/LEVELS/LEVEL 5 CASTLE INTERIOR/L5 CASTLE INTERIOR/Megacastlepack--1v508h952z1s0a7x34/tiles/dark_grey/inner_top_right_grey.png
  artifactKey: Guid(cb849b94a82eb4c4e821378b3ab29d9c) Importer(815301076,1909f56bfc062723c751e8b465ee728b)
Start importing Assets/RESKIN/LEVELS/LEVEL 5 CASTLE INTERIOR/L5 CASTLE INTERIOR/Megacastlepack--1v508h952z1s0a7x34/tiles/dark_grey/inner_top_right_grey.png using Guid(cb849b94a82eb4c4e821378b3ab29d9c) Importer(815301076,1909f56bfc062723c751e8b465ee728b) (PreviewImporter) -> (artifact id: 'af73f8907dae011712096d6ee7b970dc') in 0.0241091 seconds
Number of updated asset objects reloaded before import = 0Number of asset objects unloaded after import = 3

========================================================================
Received Import Request.
  Time since last request: 0.000021 seconds.
  path: Assets/RESKIN/LEVELS/LEVEL 5 CASTLE INTERIOR/L5 CASTLE INTERIOR/Megacastlepack--1v508h952z1s0a7x34/tiles/dark_grey/inner_bottom_right_pass_trough_grey.png
  artifactKey: Guid(e874ca8e3b677d549ab799cb39b2e000) Importer(815301076,1909f56bfc062723c751e8b465ee728b)
Start importing Assets/RESKIN/LEVELS/LEVEL 5 CASTLE INTERIOR/L5 CASTLE INTERIOR/Megacastlepack--1v508h952z1s0a7x34/tiles/dark_grey/inner_bottom_right_pass_trough_grey.png using Guid(e874ca8e3b677d549ab799cb39b2e000) Importer(815301076,1909f56bfc062723c751e8b465ee728b) (PreviewImporter) -> (artifact id: '33460637f7cdf7c4d963f4ab7093ecec') in 0.0248336 seconds
Number of updated asset objects reloaded before import = 0Number of asset objects unloaded after import = 3

========================================================================
Received Import Request.
  Time since last request: 0.000026 seconds.
  path: Assets/RESKIN/LEVELS/LEVEL 5 CASTLE INTERIOR/L5 CASTLE INTERIOR/Megacastlepack--1v508h952z1s0a7x34/tiles/dark_grey/fill_05_grey.png
  artifactKey: Guid(36034fb4a3b43bd4f82cb087850b44a1) Importer(815301076,1909f56bfc062723c751e8b465ee728b)
Start importing Assets/RESKIN/LEVELS/LEVEL 5 CASTLE INTERIOR/L5 CASTLE INTERIOR/Megacastlepack--1v508h952z1s0a7x34/tiles/dark_grey/fill_05_grey.png using Guid(36034fb4a3b43bd4f82cb087850b44a1) Importer(815301076,1909f56bfc062723c751e8b465ee728b) (PreviewImporter) -> (artifact id: '7b2f100637ae256e1e7101990b8351fe') in 0.0147038 seconds
Number of updated asset objects reloaded before import = 0Number of asset objects unloaded after import = 3

========================================================================
Received Import Request.
  Time since last request: 8.178265 seconds.
  path: Assets/RESKIN/LEVELS/LEVEL 5 CASTLE INTERIOR/L5 CASTLE INTERIOR/Megacastlepack--1v508h952z1s0a7x34/tiles/dark_grey/bottom_edge_grey.png
  artifactKey: Guid(a90048b82a43a164b9411651746522d1) Importer(815301076,1909f56bfc062723c751e8b465ee728b)
Start importing Assets/RESKIN/LEVELS/LEVEL 5 CASTLE INTERIOR/L5 CASTLE INTERIOR/Megacastlepack--1v508h952z1s0a7x34/tiles/dark_grey/bottom_edge_grey.png using Guid(a90048b82a43a164b9411651746522d1) Importer(815301076,1909f56bfc062723c751e8b465ee728b) (PreviewImporter) -> (artifact id: '602f1d7f6418a0b45969576d3fe9e2c1') in 0.0088105 seconds
Number of updated asset objects reloaded before import = 0Number of asset objects unloaded after import = 3

========================================================================
Received Import Request.
  Time since last request: 0.031340 seconds.
  path: Assets/RESKIN/LEVELS/LEVEL 5 CASTLE INTERIOR/L5 CASTLE INTERIOR/Megacastlepack--1v508h952z1s0a7x34/tiles/dark_grey/fill_01_grey.png
  artifactKey: Guid(f34e55818920ceb42b5beb9504588170) Importer(815301076,1909f56bfc062723c751e8b465ee728b)
Start importing Assets/RESKIN/LEVELS/LEVEL 5 CASTLE INTERIOR/L5 CASTLE INTERIOR/Megacastlepack--1v508h952z1s0a7x34/tiles/dark_grey/fill_01_grey.png using Guid(f34e55818920ceb42b5beb9504588170) Importer(815301076,1909f56bfc062723c751e8b465ee728b) (PreviewImporter) -> (artifact id: '3a793402027ed6f419af6bad182de372') in 0.0109838 seconds
Number of updated asset objects reloaded before import = 0Number of asset objects unloaded after import = 3

========================================================================
Received Import Request.
  Time since last request: 0.000066 seconds.
  path: Assets/RESKIN/LEVELS/LEVEL 5 CASTLE INTERIOR/L5 CASTLE INTERIOR/Megacastlepack--1v508h952z1s0a7x34/tiles/dark_grey/inner_bottom_right_grey.png
  artifactKey: Guid(f1c679b626ed4a44fb434f62ede8526c) Importer(815301076,1909f56bfc062723c751e8b465ee728b)
Start importing Assets/RESKIN/LEVELS/LEVEL 5 CASTLE INTERIOR/L5 CASTLE INTERIOR/Megacastlepack--1v508h952z1s0a7x34/tiles/dark_grey/inner_bottom_right_grey.png using Guid(f1c679b626ed4a44fb434f62ede8526c) Importer(815301076,1909f56bfc062723c751e8b465ee728b) (PreviewImporter) -> (artifact id: 'ddccea16f534df03c596c1f88156eb3c') in 0.0206263 seconds
Number of updated asset objects reloaded before import = 0Number of asset objects unloaded after import = 3

========================================================================
Received Import Request.
  Time since last request: 0.000021 seconds.
  path: Assets/RESKIN/LEVELS/LEVEL 5 CASTLE INTERIOR/L5 CASTLE INTERIOR/Megacastlepack--1v508h952z1s0a7x34/tiles/dark_grey/inner_bottom_left_pass_trough_grey.png
  artifactKey: Guid(4038db60cddb99b449fc3552ad9a6b5a) Importer(815301076,1909f56bfc062723c751e8b465ee728b)
Start importing Assets/RESKIN/LEVELS/LEVEL 5 CASTLE INTERIOR/L5 CASTLE INTERIOR/Megacastlepack--1v508h952z1s0a7x34/tiles/dark_grey/inner_bottom_left_pass_trough_grey.png using Guid(4038db60cddb99b449fc3552ad9a6b5a) Importer(815301076,1909f56bfc062723c751e8b465ee728b) (PreviewImporter) -> (artifact id: 'a5ed7d5a10a45dc3a75631814e69a527') in 0.021129 seconds
Number of updated asset objects reloaded before import = 0Number of asset objects unloaded after import = 3

========================================================================
Received Import Request.
  Time since last request: 0.000028 seconds.
  path: Assets/RESKIN/LEVELS/LEVEL 5 CASTLE INTERIOR/L5 CASTLE INTERIOR/Megacastlepack--1v508h952z1s0a7x34/tiles/dark_grey/inner_top_left_grey.png
  artifactKey: Guid(a5d203f27428d7c4e96b951b114d3bda) Importer(815301076,1909f56bfc062723c751e8b465ee728b)
Start importing Assets/RESKIN/LEVELS/LEVEL 5 CASTLE INTERIOR/L5 CASTLE INTERIOR/Megacastlepack--1v508h952z1s0a7x34/tiles/dark_grey/inner_top_left_grey.png using Guid(a5d203f27428d7c4e96b951b114d3bda) Importer(815301076,1909f56bfc062723c751e8b465ee728b) (PreviewImporter) -> (artifact id: '47fecca454384206990be4f791b1a239') in 0.0197311 seconds
Number of updated asset objects reloaded before import = 0Number of asset objects unloaded after import = 3

========================================================================
Received Import Request.
  Time since last request: 8.914856 seconds.
  path: Assets/RESKIN/LEVELS/LEVEL 5 CASTLE INTERIOR/L5 CASTLE INTERIOR/Megacastlepack--1v508h952z1s0a7x34/tiles/tile set dark grey
  artifactKey: Guid(f81369f948f836241b52585135ffa519) Importer(815301076,1909f56bfc062723c751e8b465ee728b)
Start importing Assets/RESKIN/LEVELS/LEVEL 5 CASTLE INTERIOR/L5 CASTLE INTERIOR/Megacastlepack--1v508h952z1s0a7x34/tiles/tile set dark grey using Guid(f81369f948f836241b52585135ffa519) Importer(815301076,1909f56bfc062723c751e8b465ee728b) (PreviewImporter) -> (artifact id: '97c88124baf9676f7331edd6e69c87a2') in 0.0007789 seconds
Number of updated asset objects reloaded before import = 0Number of asset objects unloaded after import = 0

========================================================================
Received Import Request.
  Time since last request: 0.121077 seconds.
  path: Assets/RESKIN/LEVELS/LEVEL 5 CASTLE INTERIOR/L5 CASTLE INTERIOR/Megacastlepack--1v508h952z1s0a7x34/tiles/tile set dark grey/bottom_edge_grey.asset
  artifactKey: Guid(bde0703fef64a3145b07746d00159748) Importer(815301076,1909f56bfc062723c751e8b465ee728b)
Start importing Assets/RESKIN/LEVELS/LEVEL 5 CASTLE INTERIOR/L5 CASTLE INTERIOR/Megacastlepack--1v508h952z1s0a7x34/tiles/tile set dark grey/bottom_edge_grey.asset using Guid(bde0703fef64a3145b07746d00159748) Importer(815301076,1909f56bfc062723c751e8b465ee728b) (PreviewImporter) -> (artifact id: '79829c9f4eb7628857615b86b0b9020b') in 0.0067192 seconds
Number of updated asset objects reloaded before import = 0Number of asset objects unloaded after import = 3

========================================================================
Received Import Request.
  Time since last request: 0.000098 seconds.
  path: Assets/RESKIN/LEVELS/LEVEL 5 CASTLE INTERIOR/L5 CASTLE INTERIOR/Megacastlepack--1v508h952z1s0a7x34/tiles/tile set dark grey/inner_bottom_right_grey.asset
  artifactKey: Guid(f953e132ab4e5dd488910e19221a6493) Importer(815301076,1909f56bfc062723c751e8b465ee728b)
Start importing Assets/RESKIN/LEVELS/LEVEL 5 CASTLE INTERIOR/L5 CASTLE INTERIOR/Megacastlepack--1v508h952z1s0a7x34/tiles/tile set dark grey/inner_bottom_right_grey.asset using Guid(f953e132ab4e5dd488910e19221a6493) Importer(815301076,1909f56bfc062723c751e8b465ee728b) (PreviewImporter) -> (artifact id: '30ed60411e6869b7b779b0b24ab7d246') in 0.008174 seconds
Number of updated asset objects reloaded before import = 0Number of asset objects unloaded after import = 3

========================================================================
Received Import Request.
  Time since last request: 0.000059 seconds.
  path: Assets/RESKIN/LEVELS/LEVEL 5 CASTLE INTERIOR/L5 CASTLE INTERIOR/Megacastlepack--1v508h952z1s0a7x34/tiles/tile set dark grey/inner_top_left_grey.asset
  artifactKey: Guid(1dda406dccfb57e49960a093f084e232) Importer(815301076,1909f56bfc062723c751e8b465ee728b)
Start importing Assets/RESKIN/LEVELS/LEVEL 5 CASTLE INTERIOR/L5 CASTLE INTERIOR/Megacastlepack--1v508h952z1s0a7x34/tiles/tile set dark grey/inner_top_left_grey.asset using Guid(1dda406dccfb57e49960a093f084e232) Importer(815301076,1909f56bfc062723c751e8b465ee728b) (PreviewImporter) -> (artifact id: '33968e625d671cd988db513628084316') in 0.01715 seconds
Number of updated asset objects reloaded before import = 0Number of asset objects unloaded after import = 3

========================================================================
Received Import Request.
  Time since last request: 0.000021 seconds.
  path: Assets/RESKIN/LEVELS/LEVEL 5 CASTLE INTERIOR/L5 CASTLE INTERIOR/Megacastlepack--1v508h952z1s0a7x34/tiles/tile set dark grey/fill_05_grey.asset
  artifactKey: Guid(a23528117a8d83a4db20d24904a40df3) Importer(815301076,1909f56bfc062723c751e8b465ee728b)
Start importing Assets/RESKIN/LEVELS/LEVEL 5 CASTLE INTERIOR/L5 CASTLE INTERIOR/Megacastlepack--1v508h952z1s0a7x34/tiles/tile set dark grey/fill_05_grey.asset using Guid(a23528117a8d83a4db20d24904a40df3) Importer(815301076,1909f56bfc062723c751e8b465ee728b) (PreviewImporter) -> (artifact id: 'bc846bb22820f192efab057e990a9be9') in 0.0167558 seconds
Number of updated asset objects reloaded before import = 0Number of asset objects unloaded after import = 3

========================================================================
Received Import Request.
  Time since last request: 0.000039 seconds.
  path: Assets/RESKIN/LEVELS/LEVEL 5 CASTLE INTERIOR/L5 CASTLE INTERIOR/Megacastlepack--1v508h952z1s0a7x34/tiles/tile set dark grey/inner_top_right_grey.asset
  artifactKey: Guid(b5d991f101a905e4cb0f0605c7f72a58) Importer(815301076,1909f56bfc062723c751e8b465ee728b)
Start importing Assets/RESKIN/LEVELS/LEVEL 5 CASTLE INTERIOR/L5 CASTLE INTERIOR/Megacastlepack--1v508h952z1s0a7x34/tiles/tile set dark grey/inner_top_right_grey.asset using Guid(b5d991f101a905e4cb0f0605c7f72a58) Importer(815301076,1909f56bfc062723c751e8b465ee728b) (PreviewImporter) -> (artifact id: 'cbdb892fb2d20d6de80f06fd06d95f37') in 0.0148218 seconds
Number of updated asset objects reloaded before import = 0Number of asset objects unloaded after import = 3

========================================================================
Received Import Request.
  Time since last request: 2.389961 seconds.
  path: Assets/RESKIN/LEVELS/LEVEL 5 CASTLE INTERIOR/L5 CASTLE INTERIOR/Megacastlepack--1v508h952z1s0a7x34/tiles/tile set dark grey/left_edge.asset
  artifactKey: Guid(db578e92e1a84144f97fc4602625b2f8) Importer(815301076,1909f56bfc062723c751e8b465ee728b)
Start importing Assets/RESKIN/LEVELS/LEVEL 5 CASTLE INTERIOR/L5 CASTLE INTERIOR/Megacastlepack--1v508h952z1s0a7x34/tiles/tile set dark grey/left_edge.asset using Guid(db578e92e1a84144f97fc4602625b2f8) Importer(815301076,1909f56bfc062723c751e8b465ee728b) (PreviewImporter) -> (artifact id: 'e102e2b185e1c906453049631f257eda') in 0.0165903 seconds
Number of updated asset objects reloaded before import = 0Number of asset objects unloaded after import = 3

========================================================================
Received Import Request.
  Time since last request: 0.020884 seconds.
  path: Assets/RESKIN/LEVELS/LEVEL 5 CASTLE INTERIOR/L5 CASTLE INTERIOR/Megacastlepack--1v508h952z1s0a7x34/tiles/tile set dark grey/outer_bottom_right_grey.asset
  artifactKey: Guid(ad8eb461342b4354a8893c28cafdf959) Importer(815301076,1909f56bfc062723c751e8b465ee728b)
Start importing Assets/RESKIN/LEVELS/LEVEL 5 CASTLE INTERIOR/L5 CASTLE INTERIOR/Megacastlepack--1v508h952z1s0a7x34/tiles/tile set dark grey/outer_bottom_right_grey.asset using Guid(ad8eb461342b4354a8893c28cafdf959) Importer(815301076,1909f56bfc062723c751e8b465ee728b) (PreviewImporter) -> (artifact id: '84dfe132957aa29e2a1bc58a5ccde71b') in 0.015414 seconds
Number of updated asset objects reloaded before import = 0Number of asset objects unloaded after import = 3

========================================================================
Received Import Request.
  Time since last request: 0.000113 seconds.
  path: Assets/RESKIN/LEVELS/LEVEL 5 CASTLE INTERIOR/L5 CASTLE INTERIOR/Megacastlepack--1v508h952z1s0a7x34/tiles/tile set dark grey/outer_top_right_grey.asset
  artifactKey: Guid(6d853534825d25445baccc2ee5237fcd) Importer(815301076,1909f56bfc062723c751e8b465ee728b)
Start importing Assets/RESKIN/LEVELS/LEVEL 5 CASTLE INTERIOR/L5 CASTLE INTERIOR/Megacastlepack--1v508h952z1s0a7x34/tiles/tile set dark grey/outer_top_right_grey.asset using Guid(6d853534825d25445baccc2ee5237fcd) Importer(815301076,1909f56bfc062723c751e8b465ee728b) (PreviewImporter) -> (artifact id: '294b11bc5847d318dc398711f60cd567') in 0.0140918 seconds
Number of updated asset objects reloaded before import = 0Number of asset objects unloaded after import = 3

========================================================================
Received Import Request.
  Time since last request: 0.266901 seconds.
  path: Assets/RESKIN/LEVELS/LEVEL 5 CASTLE INTERIOR/L5 CASTLE INTERIOR/Megacastlepack--1v508h952z1s0a7x34/tiles/tile set dark grey/platform_center_grey.asset
  artifactKey: Guid(f97c05b1a86189e479aefa605e8838e2) Importer(815301076,1909f56bfc062723c751e8b465ee728b)
Start importing Assets/RESKIN/LEVELS/LEVEL 5 CASTLE INTERIOR/L5 CASTLE INTERIOR/Megacastlepack--1v508h952z1s0a7x34/tiles/tile set dark grey/platform_center_grey.asset using Guid(f97c05b1a86189e479aefa605e8838e2) Importer(815301076,1909f56bfc062723c751e8b465ee728b) (PreviewImporter) -> (artifact id: 'bbb0701f3419e68232dc902729492a76') in 0.0168274 seconds
Number of updated asset objects reloaded before import = 0Number of asset objects unloaded after import = 3

========================================================================
Received Import Request.
  Time since last request: 0.013200 seconds.
  path: Assets/RESKIN/LEVELS/LEVEL 5 CASTLE INTERIOR/L5 CASTLE INTERIOR/Megacastlepack--1v508h952z1s0a7x34/tiles/tile set dark grey/right_edge.asset
  artifactKey: Guid(d99e5349912508a46bcd8af970215424) Importer(815301076,1909f56bfc062723c751e8b465ee728b)
Start importing Assets/RESKIN/LEVELS/LEVEL 5 CASTLE INTERIOR/L5 CASTLE INTERIOR/Megacastlepack--1v508h952z1s0a7x34/tiles/tile set dark grey/right_edge.asset using Guid(d99e5349912508a46bcd8af970215424) Importer(815301076,1909f56bfc062723c751e8b465ee728b) (PreviewImporter) -> (artifact id: '57f901c681f046241de3d8370088fe59') in 0.0193026 seconds
Number of updated asset objects reloaded before import = 0Number of asset objects unloaded after import = 3

========================================================================
Received Import Request.
  Time since last request: 1.068035 seconds.
  path: Assets/RESKIN/LEVELS/LEVEL 5 CASTLE INTERIOR/L5 CASTLE INTERIOR/Megacastlepack--1v508h952z1s0a7x34/tiles/tile set dark grey/shallow_hill_left_03_grey.asset
  artifactKey: Guid(4fad9fe084810c9498bb98225f5f3c19) Importer(815301076,1909f56bfc062723c751e8b465ee728b)
Start importing Assets/RESKIN/LEVELS/LEVEL 5 CASTLE INTERIOR/L5 CASTLE INTERIOR/Megacastlepack--1v508h952z1s0a7x34/tiles/tile set dark grey/shallow_hill_left_03_grey.asset using Guid(4fad9fe084810c9498bb98225f5f3c19) Importer(815301076,1909f56bfc062723c751e8b465ee728b) (PreviewImporter) -> (artifact id: '8ec7050a5f1c024eb8678a3473f76fc9') in 0.016511 seconds
Number of updated asset objects reloaded before import = 0Number of asset objects unloaded after import = 3

========================================================================
Received Import Request.
  Time since last request: 0.046813 seconds.
  path: Assets/RESKIN/LEVELS/LEVEL 5 CASTLE INTERIOR/L5 CASTLE INTERIOR/Megacastlepack--1v508h952z1s0a7x34/tiles/tile set dark grey/shallow_hill_right_03_grey.asset
  artifactKey: Guid(aea024204cae1c14898487c4508617ac) Importer(815301076,1909f56bfc062723c751e8b465ee728b)
Start importing Assets/RESKIN/LEVELS/LEVEL 5 CASTLE INTERIOR/L5 CASTLE INTERIOR/Megacastlepack--1v508h952z1s0a7x34/tiles/tile set dark grey/shallow_hill_right_03_grey.asset using Guid(aea024204cae1c14898487c4508617ac) Importer(815301076,1909f56bfc062723c751e8b465ee728b) (PreviewImporter) -> (artifact id: 'cec1815207bd473ebf3ba40a4a19e86a') in 0.017621 seconds
Number of updated asset objects reloaded before import = 0Number of asset objects unloaded after import = 3

========================================================================
Received Import Request.
  Time since last request: 0.019148 seconds.
  path: Assets/RESKIN/LEVELS/LEVEL 5 CASTLE INTERIOR/L5 CASTLE INTERIOR/Megacastlepack--1v508h952z1s0a7x34/tiles/tile set dark grey/single_pillar_center_01.asset
  artifactKey: Guid(a883d37233f3864449e40cd3154ed02f) Importer(815301076,1909f56bfc062723c751e8b465ee728b)
Start importing Assets/RESKIN/LEVELS/LEVEL 5 CASTLE INTERIOR/L5 CASTLE INTERIOR/Megacastlepack--1v508h952z1s0a7x34/tiles/tile set dark grey/single_pillar_center_01.asset using Guid(a883d37233f3864449e40cd3154ed02f) Importer(815301076,1909f56bfc062723c751e8b465ee728b) (PreviewImporter) -> (artifact id: 'abf167145fb16c9dd513acf4171ca810') in 0.0142656 seconds
Number of updated asset objects reloaded before import = 0Number of asset objects unloaded after import = 3

========================================================================
Received Import Request.
  Time since last request: 0.011799 seconds.
  path: Assets/RESKIN/LEVELS/LEVEL 5 CASTLE INTERIOR/L5 CASTLE INTERIOR/Megacastlepack--1v508h952z1s0a7x34/tiles/tile set dark grey/single_pillar_top.asset
  artifactKey: Guid(5c9a217a0b26f394da051362c1d4e521) Importer(815301076,1909f56bfc062723c751e8b465ee728b)
Start importing Assets/RESKIN/LEVELS/LEVEL 5 CASTLE INTERIOR/L5 CASTLE INTERIOR/Megacastlepack--1v508h952z1s0a7x34/tiles/tile set dark grey/single_pillar_top.asset using Guid(5c9a217a0b26f394da051362c1d4e521) Importer(815301076,1909f56bfc062723c751e8b465ee728b) (PreviewImporter) -> (artifact id: '706d967391692e1d2acafc4441a7b0ee') in 0.0170892 seconds
Number of updated asset objects reloaded before import = 0Number of asset objects unloaded after import = 3

========================================================================
Received Import Request.
  Time since last request: 0.009127 seconds.
  path: Assets/RESKIN/LEVELS/LEVEL 5 CASTLE INTERIOR/L5 CASTLE INTERIOR/Megacastlepack--1v508h952z1s0a7x34/tiles/tile set dark grey/steep_hill_right_01_grey.asset
  artifactKey: Guid(49a614c327deb77458346d3cee32da19) Importer(815301076,1909f56bfc062723c751e8b465ee728b)
Start importing Assets/RESKIN/LEVELS/LEVEL 5 CASTLE INTERIOR/L5 CASTLE INTERIOR/Megacastlepack--1v508h952z1s0a7x34/tiles/tile set dark grey/steep_hill_right_01_grey.asset using Guid(49a614c327deb77458346d3cee32da19) Importer(815301076,1909f56bfc062723c751e8b465ee728b) (PreviewImporter) -> (artifact id: '281e8bf6b5bf8e2fceb138b9b331506b') in 0.0169603 seconds
Number of updated asset objects reloaded before import = 0Number of asset objects unloaded after import = 3

========================================================================
Received Import Request.
  Time since last request: 0.013772 seconds.
  path: Assets/RESKIN/LEVELS/LEVEL 5 CASTLE INTERIOR/L5 CASTLE INTERIOR/Megacastlepack--1v508h952z1s0a7x34/tiles/tile set dark grey/top_02_grey.asset
  artifactKey: Guid(da67ee6cd607bcd4486cbc540a430f09) Importer(815301076,1909f56bfc062723c751e8b465ee728b)
Start importing Assets/RESKIN/LEVELS/LEVEL 5 CASTLE INTERIOR/L5 CASTLE INTERIOR/Megacastlepack--1v508h952z1s0a7x34/tiles/tile set dark grey/top_02_grey.asset using Guid(da67ee6cd607bcd4486cbc540a430f09) Importer(815301076,1909f56bfc062723c751e8b465ee728b) (PreviewImporter) -> (artifact id: 'c23b49f70d479f02f8a8aa0d4b961188') in 0.0134118 seconds
Number of updated asset objects reloaded before import = 0Number of asset objects unloaded after import = 3

Editor requested this worker to shutdown with reason: Scaling down because of idle timeout
AssetImportWorker is now disconnected from the server
Process exiting
Exiting without the bug reporter. Application will terminate with return code 0